startup_mimxrt1011.c:507:14:NMI_Handler	0	static
startup_mimxrt1011.c:511:14:HardFault_Handler	0	static
startup_mimxrt1011.c:515:14:SVC_Handler	0	static
startup_mimxrt1011.c:519:14:PendSV_Handler	0	static
startup_mimxrt1011.c:523:14:SysTick_Handler	0	static
startup_mimxrt1011.c:414:6:ResetISR	24	static
startup_mimxrt1011.c:380:6:data_init	16	static
startup_mimxrt1011.c:389:6:bss_init	16	static
startup_mimxrt1011.c:531:14:IntDefaultHandler	0	static
startup_mimxrt1011.c:541:11:DMA0_IRQHandler	8	static
startup_mimxrt1011.c:545:11:DMA1_IRQHandler	8	static
startup_mimxrt1011.c:549:11:DMA2_IRQHandler	8	static
startup_mimxrt1011.c:553:11:DMA3_IRQHandler	8	static
startup_mimxrt1011.c:557:11:DMA4_IRQHandler	8	static
startup_mimxrt1011.c:561:11:DMA5_IRQHandler	8	static
startup_mimxrt1011.c:565:11:DMA6_IRQHandler	8	static
startup_mimxrt1011.c:569:11:DMA7_IRQHandler	8	static
startup_mimxrt1011.c:573:11:DMA8_IRQHandler	8	static
startup_mimxrt1011.c:577:11:DMA9_IRQHandler	8	static
startup_mimxrt1011.c:581:11:DMA10_IRQHandler	8	static
startup_mimxrt1011.c:585:11:DMA11_IRQHandler	8	static
startup_mimxrt1011.c:589:11:DMA12_IRQHandler	8	static
startup_mimxrt1011.c:593:11:DMA13_IRQHandler	8	static
startup_mimxrt1011.c:597:11:DMA14_IRQHandler	8	static
startup_mimxrt1011.c:601:11:DMA15_IRQHandler	8	static
startup_mimxrt1011.c:605:11:DMA_ERROR_IRQHandler	8	static
startup_mimxrt1011.c:609:11:CTI0_ERROR_IRQHandler	8	static
startup_mimxrt1011.c:613:11:CTI1_ERROR_IRQHandler	8	static
startup_mimxrt1011.c:617:11:CORE_IRQHandler	8	static
startup_mimxrt1011.c:621:11:LPUART1_IRQHandler	8	static
startup_mimxrt1011.c:625:11:LPUART2_IRQHandler	8	static
startup_mimxrt1011.c:629:11:LPUART3_IRQHandler	8	static
startup_mimxrt1011.c:633:11:LPUART4_IRQHandler	8	static
startup_mimxrt1011.c:637:11:PIT_IRQHandler	8	static
startup_mimxrt1011.c:641:11:USB_OTG1_IRQHandler	8	static
startup_mimxrt1011.c:645:11:FLEXSPI_IRQHandler	8	static
startup_mimxrt1011.c:649:11:FLEXRAM_IRQHandler	8	static
startup_mimxrt1011.c:653:11:LPI2C1_IRQHandler	8	static
startup_mimxrt1011.c:657:11:LPI2C2_IRQHandler	8	static
startup_mimxrt1011.c:661:11:GPT1_IRQHandler	8	static
startup_mimxrt1011.c:665:11:GPT2_IRQHandler	8	static
startup_mimxrt1011.c:669:11:LPSPI1_IRQHandler	8	static
startup_mimxrt1011.c:673:11:LPSPI2_IRQHandler	8	static
startup_mimxrt1011.c:677:11:PWM1_0_IRQHandler	8	static
startup_mimxrt1011.c:681:11:PWM1_1_IRQHandler	8	static
startup_mimxrt1011.c:685:11:PWM1_2_IRQHandler	8	static
startup_mimxrt1011.c:689:11:PWM1_3_IRQHandler	8	static
startup_mimxrt1011.c:693:11:PWM1_FAULT_IRQHandler	8	static
startup_mimxrt1011.c:697:11:KPP_IRQHandler	8	static
startup_mimxrt1011.c:701:11:SRC_IRQHandler	8	static
startup_mimxrt1011.c:705:11:GPR_IRQ_IRQHandler	8	static
startup_mimxrt1011.c:709:11:CCM_1_IRQHandler	8	static
startup_mimxrt1011.c:713:11:CCM_2_IRQHandler	8	static
startup_mimxrt1011.c:717:11:EWM_IRQHandler	8	static
startup_mimxrt1011.c:721:11:WDOG2_IRQHandler	8	static
startup_mimxrt1011.c:725:11:SNVS_HP_WRAPPER_IRQHandler	8	static
startup_mimxrt1011.c:729:11:SNVS_HP_WRAPPER_TZ_IRQHandler	8	static
startup_mimxrt1011.c:733:11:SNVS_LP_WRAPPER_IRQHandler	8	static
startup_mimxrt1011.c:737:11:CSU_IRQHandler	8	static
startup_mimxrt1011.c:741:11:DCP_IRQHandler	8	static
startup_mimxrt1011.c:745:11:DCP_VMI_IRQHandler	8	static
startup_mimxrt1011.c:749:11:Reserved68_IRQHandler	8	static
startup_mimxrt1011.c:753:11:TRNG_IRQHandler	8	static
startup_mimxrt1011.c:757:11:Reserved70_IRQHandler	8	static
startup_mimxrt1011.c:761:11:Reserved71_IRQHandler	8	static
startup_mimxrt1011.c:765:11:SAI1_IRQHandler	8	static
startup_mimxrt1011.c:769:11:RTWDOG_IRQHandler	8	static
startup_mimxrt1011.c:773:11:SAI3_RX_IRQHandler	8	static
startup_mimxrt1011.c:777:11:SAI3_TX_IRQHandler	8	static
startup_mimxrt1011.c:781:11:SPDIF_IRQHandler	8	static
startup_mimxrt1011.c:785:11:PMU_IRQHandler	8	static
startup_mimxrt1011.c:789:11:XBAR1_IRQ_0_1_2_3_IRQHandler	8	static
startup_mimxrt1011.c:793:11:TEMP_LOW_HIGH_IRQHandler	8	static
startup_mimxrt1011.c:797:11:TEMP_PANIC_IRQHandler	8	static
startup_mimxrt1011.c:801:11:USB_PHY_IRQHandler	8	static
startup_mimxrt1011.c:805:11:GPC_IRQHandler	8	static
startup_mimxrt1011.c:809:11:ADC1_IRQHandler	8	static
startup_mimxrt1011.c:813:11:FLEXIO1_IRQHandler	8	static
startup_mimxrt1011.c:817:11:DCDC_IRQHandler	8	static
startup_mimxrt1011.c:821:11:GPIO1_Combined_0_15_IRQHandler	8	static
startup_mimxrt1011.c:825:11:GPIO1_Combined_16_31_IRQHandler	8	static
startup_mimxrt1011.c:829:11:GPIO2_Combined_0_15_IRQHandler	8	static
startup_mimxrt1011.c:833:11:GPIO5_Combined_0_15_IRQHandler	8	static
startup_mimxrt1011.c:837:11:WDOG1_IRQHandler	8	static
startup_mimxrt1011.c:841:11:ADC_ETC_IRQ0_IRQHandler	8	static
startup_mimxrt1011.c:845:11:ADC_ETC_IRQ1_IRQHandler	8	static
startup_mimxrt1011.c:849:11:ADC_ETC_IRQ2_IRQHandler	8	static
startup_mimxrt1011.c:853:11:ADC_ETC_IRQ3_IRQHandler	8	static
startup_mimxrt1011.c:857:11:ADC_ETC_ERROR_IRQ_IRQHandler	8	static
