fsl_lpi2c.c:1397:6:LPI2C_MasterTransferHandleIRQ	36	static
fsl_lpi2c.c:1961:6:LPI2C_SlaveTransferHandleIRQ	24	static
fsl_lpi2c.c:157:10:LPI2C_GetInstance	0	static
fsl_lpi2c.c:217:10:LPI2C_MasterCheckAndClearError	0	static
fsl_lpi2c.c:319:10:LPI2C_CheckForBusyBus	0	static
fsl_lpi2c.c:356:6:LPI2C_MasterGetDefaultConfig	8	static
fsl_lpi2c.c:477:6:LPI2C_MasterDeinit	0	static
fsl_lpi2c.c:502:6:LPI2C_MasterConfigureDataMatch	12	static
fsl_lpi2c.c:533:6:LPI2C_MasterSetBaudRate	48	static
fsl_lpi2c.c:389:6:LPI2C_MasterInit	32	static
fsl_lpi2c.c:634:10:LPI2C_MasterStart	8	static
fsl_lpi2c.c:675:10:LPI2C_MasterStop	4	static
fsl_lpi2c.c:736:10:LPI2C_MasterReceive	8	static
fsl_lpi2c.c:814:10:LPI2C_MasterSend	8	static
fsl_lpi2c.c:852:10:LPI2C_MasterTransferBlocking	48	static
fsl_lpi2c.c:963:6:LPI2C_MasterTransferCreateHandle	24	static
fsl_lpi2c.c:1256:10:LPI2C_MasterTransferNonBlocking	20	static
fsl_lpi2c.c:1308:10:LPI2C_MasterTransferGetCount	16	static
fsl_lpi2c.c:1372:6:LPI2C_MasterTransferAbort	8	static
fsl_lpi2c.c:1466:6:LPI2C_SlaveGetDefaultConfig	8	static
fsl_lpi2c.c:1502:6:LPI2C_SlaveInit	20	static
fsl_lpi2c.c:1558:6:LPI2C_SlaveDeinit	0	static
fsl_lpi2c.c:1625:10:LPI2C_SlaveSend	16	static
fsl_lpi2c.c:1706:10:LPI2C_SlaveReceive	16	static
fsl_lpi2c.c:1794:6:LPI2C_SlaveTransferCreateHandle	24	static
fsl_lpi2c.c:1851:10:LPI2C_SlaveTransferNonBlocking	24	static
fsl_lpi2c.c:1903:10:LPI2C_SlaveTransferGetCount	0	static
fsl_lpi2c.c:1933:6:LPI2C_SlaveTransferAbort	16	static
fsl_lpi2c.c:2147:6:LPI2C1_DriverIRQHandler	8	static
fsl_lpi2c.c:2155:6:LPI2C2_DriverIRQHandler	8	static
