fsl_sai.c:2703:6:SAI_TransferRxHandleIRQ	48	static
fsl_sai.c:2626:6:SAI_TransferTxHandleIRQ	56	static
fsl_sai.c:360:6:SAI_TxInit	8	static
fsl_sai.c:490:6:SAI_RxInit	8	static
fsl_sai.c:611:6:SAI_Init	0	static
fsl_sai.c:627:6:SAI_Deinit	0	static
fsl_sai.c:653:6:SAI_TxGetDefaultConfig	8	static
fsl_sai.c:687:6:SAI_RxGetDefaultConfig	8	static
fsl_sai.c:711:6:SAI_TxReset	0	static
fsl_sai.c:734:6:SAI_RxReset	0	static
fsl_sai.c:756:6:SAI_TxEnable	0	static
fsl_sai.c:786:6:SAI_RxEnable	0	static
fsl_sai.c:820:6:SAI_TxSoftwareReset	0	static
fsl_sai.c:839:6:SAI_RxSoftwareReset	0	static
fsl_sai.c:854:6:SAI_TxSetChannelFIFOMask	0	static
fsl_sai.c:867:6:SAI_RxSetChannelFIFOMask	0	static
fsl_sai.c:879:6:SAI_TxSetDataOrder	0	static
fsl_sai.c:893:6:SAI_RxSetDataOrder	0	static
fsl_sai.c:907:6:SAI_TxSetBitClockPolarity	0	static
fsl_sai.c:921:6:SAI_RxSetBitClockPolarity	0	static
fsl_sai.c:935:6:SAI_TxSetFrameSyncPolarity	0	static
fsl_sai.c:949:6:SAI_RxSetFrameSyncPolarity	0	static
fsl_sai.c:964:6:SAI_TxSetFIFOPacking	0	static
fsl_sai.c:979:6:SAI_RxSetFIFOPacking	0	static
fsl_sai.c:998:6:SAI_TxSetBitClockRate	4	static
fsl_sai.c:1045:6:SAI_RxSetBitClockRate	4	static
fsl_sai.c:1090:6:SAI_TxSetBitclockConfig	8	static
fsl_sai.c:1117:6:SAI_RxSetBitclockConfig	8	static
fsl_sai.c:1179:6:SAI_TxSetFifoConfig	0	static
fsl_sai.c:1221:6:SAI_RxSetFifoConfig	4	static
fsl_sai.c:1258:6:SAI_TxSetFrameSyncConfig	8	static
fsl_sai.c:1292:6:SAI_RxSetFrameSyncConfig	8	static
fsl_sai.c:1325:6:SAI_TxSetSerialDataConfig	8	static
fsl_sai.c:1359:6:SAI_RxSetSerialDataConfig	8	static
fsl_sai.c:1381:6:SAI_TxSetConfig	16	static
fsl_sai.c:1477:6:SAI_TransferTxSetConfig	16	static
fsl_sai.c:1503:6:SAI_RxSetConfig	16	static
fsl_sai.c:1600:6:SAI_TransferRxSetConfig	16	static
fsl_sai.c:1628:6:SAI_GetClassicI2SConfig	24	static
fsl_sai.c:1644:6:SAI_GetLeftJustifiedConfig	32	static
fsl_sai.c:1666:6:SAI_GetRightJustifiedConfig	32	static
fsl_sai.c:1688:6:SAI_GetDSPConfig	24	static
fsl_sai.c:1721:6:SAI_GetTDMConfig	24	static
fsl_sai.c:1764:6:SAI_TxSetFormat	16	static
fsl_sai.c:1904:6:SAI_RxSetFormat	16	static
fsl_sai.c:2041:6:SAI_WriteBlocking	64	static
fsl_sai.c:2079:6:SAI_WriteMultiChannelBlocking	56	static
fsl_sai.c:2134:6:SAI_ReadMultiChannelBlocking	48	static
fsl_sai.c:2181:6:SAI_ReadBlocking	56	static
fsl_sai.c:2213:6:SAI_TransferTxCreateHandle	24	static
fsl_sai.c:2244:6:SAI_TransferRxCreateHandle	24	static
fsl_sai.c:2280:10:SAI_TransferTxSetFormat	28	static
fsl_sai.c:2330:10:SAI_TransferRxSetFormat	28	static
fsl_sai.c:2379:10:SAI_TransferSendNonBlocking	12	static
fsl_sai.c:2427:10:SAI_TransferReceiveNonBlocking	12	static
fsl_sai.c:2469:10:SAI_TransferGetSendCount	4	static
fsl_sai.c:2496:10:SAI_TransferGetReceiveCount	4	static
fsl_sai.c:2523:6:SAI_TransferAbortSend	16	static
fsl_sai.c:2553:6:SAI_TransferAbortReceive	16	static
fsl_sai.c:2583:6:SAI_TransferTerminateSend	16	static
fsl_sai.c:2606:6:SAI_TransferTerminateReceive	16	static
fsl_sai.c:3634:6:SAI1_DriverIRQHandler	8	static
fsl_sai.c:3696:6:SAI3_DriverIRQHandler	8	static
fsl_sai.c:3725:6:SAI3_TX_DriverIRQHandler	0	static
fsl_sai.c:3736:6:SAI3_RX_DriverIRQHandler	0	static
