fsl_lpuart.c:1395:6:LPUART_TransferHandleIRQ	32	static
fsl_lpuart.c:109:10:LPUART_GetInstance	0	static
fsl_lpuart.c:133:8:LPUART_TransferGetRxRingBufferLength	0	static
fsl_lpuart.c:240:10:LPUART_Init	48	static
fsl_lpuart.c:459:6:LPUART_Deinit	4	static
fsl_lpuart.c:523:6:LPUART_GetDefaultConfig	8	static
fsl_lpuart.c:568:10:LPUART_SetBaudRate	48	static
fsl_lpuart.c:668:6:LPUART_EnableInterrupts	8	static
fsl_lpuart.c:692:6:LPUART_DisableInterrupts	8	static
fsl_lpuart.c:723:10:LPUART_GetEnabledInterrupts	0	static
fsl_lpuart.c:752:10:LPUART_GetStatusFlags	0	static
fsl_lpuart.c:783:10:LPUART_ClearStatusFlags	12	static
fsl_lpuart.c:834:6:LPUART_WriteBlocking	0	static
fsl_lpuart.c:871:10:LPUART_ReadBlocking	8	static
fsl_lpuart.c:974:6:LPUART_TransferCreateHandle	24	static
fsl_lpuart.c:1040:6:LPUART_TransferStartRingBuffer	4	static
fsl_lpuart.c:1067:6:LPUART_TransferStopRingBuffer	0	static
fsl_lpuart.c:1102:10:LPUART_TransferSendNonBlocking	8	static
fsl_lpuart.c:1141:6:LPUART_TransferAbortSend	0	static
fsl_lpuart.c:1165:10:LPUART_TransferGetSendCount	4	static
fsl_lpuart.c:1211:10:LPUART_TransferReceiveNonBlocking	24	static
fsl_lpuart.c:1338:6:LPUART_TransferAbortReceive	0	static
fsl_lpuart.c:1367:10:LPUART_TransferGetReceiveCount	4	static
fsl_lpuart.c:1633:6:LPUART_TransferHandleErrorIRQ	0	static
fsl_lpuart.c:1791:6:LPUART1_DriverIRQHandler	0	static
fsl_lpuart.c:1825:6:LPUART2_DriverIRQHandler	0	static
fsl_lpuart.c:1858:6:LPUART3_DriverIRQHandler	0	static
fsl_lpuart.c:1891:6:LPUART4_DriverIRQHandler	0	static
