fsl_clock.c:71:17:CLOCK_GetPeriphClkFreq	16	static
fsl_clock.c:148:6:CLOCK_InitExternalClk	0	static
fsl_clock.c:172:6:CLOCK_DeinitExternalClk	0	static
fsl_clock.c:184:6:CLOCK_SwitchOsc	0	static
fsl_clock.c:195:6:CLOCK_InitRcOsc24M	0	static
fsl_clock.c:203:6:CLOCK_DeinitRcOsc24M	0	static
fsl_clock.c:213:10:CLOCK_GetCoreFreq	16	static
fsl_clock.c:223:10:CLOCK_GetIpgFreq	8	static
fsl_clock.c:233:10:CLOCK_GetPerClkFreq	8	static
fsl_clock.c:342:6:CLOCK_EnableUsbhs0Clock	16	static
fsl_clock.c:365:6:CLOCK_EnableUsbhs0PhyPllClock	0	static
fsl_clock.c:389:6:CLOCK_DisableUsbhs0PhyPllClock	0	static
fsl_clock.c:402:6:CLOCK_InitSysPll	12	static
fsl_clock.c:432:6:CLOCK_DeinitSysPll	0	static
fsl_clock.c:444:6:CLOCK_InitUsb1Pll	8	static
fsl_clock.c:465:6:CLOCK_DeinitUsb1Pll	0	static
fsl_clock.c:477:6:CLOCK_InitAudioPll	8	static
fsl_clock.c:552:6:CLOCK_DeinitAudioPll	0	static
fsl_clock.c:564:6:CLOCK_InitEnetPll	4	static
fsl_clock.c:592:6:CLOCK_DeinitEnetPll	0	static
fsl_clock.c:605:10:CLOCK_GetPllFreq	16	static
fsl_clock.c:262:10:CLOCK_GetFreq	16	static
fsl_clock.c:727:6:CLOCK_InitSysPfd	8	static
fsl_clock.c:749:6:CLOCK_DeinitSysPfd	0	static
fsl_clock.c:764:6:CLOCK_InitUsb1Pfd	8	static
fsl_clock.c:786:6:CLOCK_DeinitUsb1Pfd	0	static
fsl_clock.c:799:10:CLOCK_GetSysPfdFreq	16	static
fsl_clock.c:838:10:CLOCK_GetUsb1PfdFreq	0	static
