fsl_edma.c:80:6:EDMA_InstallTCD	12	static
fsl_edma.c:112:6:EDMA_Init	12	static
fsl_edma.c:142:6:EDMA_Deinit	0	static
fsl_edma.c:164:6:EDMA_GetDefaultConfig	8	static
fsl_edma.c:188:6:EDMA_ResetChannel	4	static
fsl_edma.c:220:6:EDMA_SetTransferConfig	12	static
fsl_edma.c:239:6:EDMA_SetMinorOffsetConfig	12	static
fsl_edma.c:263:6:EDMA_SetChannelPreemptionConfig	4	static
fsl_edma.c:294:6:EDMA_SetChannelLink	0	static
fsl_edma.c:316:6:EDMA_SetBandWidth	4	static
fsl_edma.c:335:6:EDMA_SetModulo	8	static
fsl_edma.c:353:6:EDMA_EnableChannelInterrupts	8	static
fsl_edma.c:384:6:EDMA_DisableChannelInterrupts	8	static
fsl_edma.c:415:6:EDMA_TcdReset	0	static
fsl_edma.c:462:6:EDMA_TcdSetTransferConfig	8	static
fsl_edma.c:511:6:EDMA_TcdSetMinorOffsetConfig	8	static
fsl_edma.c:541:6:EDMA_TcdSetChannelLink	0	static
fsl_edma.c:591:6:EDMA_TcdSetModulo	4	static
fsl_edma.c:609:6:EDMA_TcdEnableInterrupts	0	static
fsl_edma.c:633:6:EDMA_TcdDisableInterrupts	0	static
fsl_edma.c:671:10:EDMA_GetRemainingMajorLoopCount	0	static
fsl_edma.c:707:10:EDMA_GetChannelStatusFlags	4	static
fsl_edma.c:731:6:EDMA_ClearChannelStatusFlags	0	static
fsl_edma.c:780:6:EDMA_CreateHandle	16	static
fsl_edma.c:835:6:EDMA_InstallTCDMemory	0	static
fsl_edma.c:859:6:EDMA_SetCallback	0	static
fsl_edma.c:884:6:EDMA_PrepareTransfer	32	static
fsl_edma.c:1005:10:EDMA_SubmitTransfer	36	static
fsl_edma.c:1159:6:EDMA_StartTransfer	8	static
fsl_edma.c:1206:6:EDMA_StopTransfer	0	static
fsl_edma.c:1222:6:EDMA_AbortTransfer	12	static
fsl_edma.c:1271:6:EDMA_HandleIRQ	24	static
fsl_edma.c:2423:6:DMA0_DriverIRQHandler	24	static
fsl_edma.c:2433:6:DMA1_DriverIRQHandler	24	static
fsl_edma.c:2443:6:DMA2_DriverIRQHandler	24	static
fsl_edma.c:2453:6:DMA3_DriverIRQHandler	24	static
fsl_edma.c:2466:6:DMA4_DriverIRQHandler	24	static
fsl_edma.c:2476:6:DMA5_DriverIRQHandler	24	static
fsl_edma.c:2486:6:DMA6_DriverIRQHandler	24	static
fsl_edma.c:2496:6:DMA7_DriverIRQHandler	24	static
fsl_edma.c:2510:6:DMA8_DriverIRQHandler	24	static
fsl_edma.c:2520:6:DMA9_DriverIRQHandler	24	static
fsl_edma.c:2530:6:DMA10_DriverIRQHandler	24	static
fsl_edma.c:2540:6:DMA11_DriverIRQHandler	24	static
fsl_edma.c:2550:6:DMA12_DriverIRQHandler	24	static
fsl_edma.c:2560:6:DMA13_DriverIRQHandler	24	static
fsl_edma.c:2570:6:DMA14_DriverIRQHandler	24	static
fsl_edma.c:2580:6:DMA15_DriverIRQHandler	24	static
