speakEZ.c:1009:14:USB_HostEvent	16	static
speakEZ.c:110:10:writeToWM8960	48	static
speakEZ.c:175:6:configureWM8960	8	static
speakEZ.c:409:6:setTxAudio	4	static
speakEZ.c:425:6:getRxAudio	0	static
speakEZ.c:442:6:setWavetableSine	32	static
speakEZ.c:453:6:setWavetableTri	40	static
speakEZ.c:471:6:setWavetableSaw	32	static
speakEZ.c:482:6:setWavetableNovel	40	static
speakEZ.c:507:6:initSynth	48	static
speakEZ.c:535:9:playSynth	16	static
speakEZ.c:574:6:pressKey	0	static
speakEZ.c:589:6:releaseKey	0	static
speakEZ.c:603:6:toggleActiveWavetable	0	static
speakEZ.c:635:6:playDemoChord	8	static
speakEZ.c:647:6:toggleDemoChord	12	static
speakEZ.c:667:7:getSAI_RequestSynthUpdate	0	static
speakEZ.c:680:6:clearSAI_RequestSynthUpdate	0	static
speakEZ.c:709:6:calculateBiquadCoeffs	48	static
speakEZ.c:784:7:runLowpassBiquad	0	static
speakEZ.c:808:7:runSibilanceBiquad	0	static
speakEZ.c:838:6:runAnalysisBiquad	32	static
speakEZ.c:873:6:runEnvelopeFollower	8	static
speakEZ.c:906:6:runShapingBiquad	0	static
speakEZ.c:940:6:SAI1_IRQHandler	8	static
speakEZ.c:968:6:PIT_IRQHandler	0	static
speakEZ.c:986:7:getSW4Pressed	0	static
speakEZ.c:1044:6:USB_HostApplicationInit	8	static
speakEZ.c:1077:6:USB_OTG1_IRQHandler	0	static
speakEZ.c:1089:6:handleMidiEventPacket	8	static
speakEZ.c:1140:5:main	2912	static
