speakEZ.c:1020:14:USB_HostEvent	16	static
speakEZ.c:104:10:writeToWM8960	48	static
speakEZ.c:169:6:configureWM8960	8	static
speakEZ.c:403:6:setTxAudio	4	static
speakEZ.c:419:6:getRxAudio	0	static
speakEZ.c:436:6:setWavetableSine	32	static
speakEZ.c:447:6:setWavetableTri	40	static
speakEZ.c:465:6:setWavetableSaw	32	static
speakEZ.c:476:6:setWavetableNovel	40	static
speakEZ.c:502:6:initSynth	56	static
speakEZ.c:533:9:playSynth	20	static
speakEZ.c:572:6:pressKey	0	static
speakEZ.c:587:6:releaseKey	0	static
speakEZ.c:599:6:updatePitchbend	8	static
speakEZ.c:615:6:toggleActiveWavetable	0	static
speakEZ.c:647:6:playDemoChord	8	static
speakEZ.c:659:6:toggleDemoChord	12	static
speakEZ.c:679:7:getSAI_RequestSynthUpdate	0	static
speakEZ.c:692:6:clearSAI_RequestSynthUpdate	0	static
speakEZ.c:721:6:calculateBiquadCoeffs	48	static
speakEZ.c:795:7:runLowpassBiquad	0	static
speakEZ.c:819:7:runSibilanceBiquad	0	static
speakEZ.c:849:6:runAnalysisBiquad	32	static
speakEZ.c:884:6:runEnvelopeFollower	8	static
speakEZ.c:917:6:runShapingBiquad	0	static
speakEZ.c:951:6:SAI1_IRQHandler	8	static
speakEZ.c:979:6:PIT_IRQHandler	0	static
speakEZ.c:997:7:getSW4Pressed	0	static
speakEZ.c:1055:6:USB_HostApplicationInit	8	static
speakEZ.c:1088:6:USB_OTG1_IRQHandler	0	static
speakEZ.c:1102:6:handleMidiEventPacket	16	static
speakEZ.c:1162:5:main	2920	static
