speakEZ.c:1002:14:USB_HostEvent	16	static
speakEZ.c:104:10:writeToWM8960	48	static
speakEZ.c:169:6:configureWM8960	8	static
speakEZ.c:403:6:setTxAudio	4	static
speakEZ.c:419:6:getRxAudio	0	static
speakEZ.c:436:6:setWavetableSine	32	static
speakEZ.c:447:6:setWavetableTri	40	static
speakEZ.c:465:6:setWavetableSaw	32	static
speakEZ.c:476:6:setWavetableNovel	40	static
speakEZ.c:501:6:initSynth	48	static
speakEZ.c:529:9:playSynth	16	static
speakEZ.c:568:6:pressKey	0	static
speakEZ.c:583:6:releaseKey	0	static
speakEZ.c:597:6:toggleActiveWavetable	0	static
speakEZ.c:629:6:playDemoChord	8	static
speakEZ.c:641:6:toggleDemoChord	12	static
speakEZ.c:661:7:getSAI_RequestSynthUpdate	0	static
speakEZ.c:674:6:clearSAI_RequestSynthUpdate	0	static
speakEZ.c:703:6:calculateBiquadCoeffs	48	static
speakEZ.c:777:7:runLowpassBiquad	0	static
speakEZ.c:801:7:runSibilanceBiquad	0	static
speakEZ.c:831:6:runAnalysisBiquad	32	static
speakEZ.c:866:6:runEnvelopeFollower	8	static
speakEZ.c:899:6:runShapingBiquad	0	static
speakEZ.c:933:6:SAI1_IRQHandler	8	static
speakEZ.c:961:6:PIT_IRQHandler	0	static
speakEZ.c:979:7:getSW4Pressed	0	static
speakEZ.c:1037:6:USB_HostApplicationInit	8	static
speakEZ.c:1070:6:USB_OTG1_IRQHandler	0	static
speakEZ.c:1082:6:handleMidiEventPacket	8	static
speakEZ.c:1133:5:main	2912	static
