usb_host_cdc.c:109:6:USB_HostCdcDataInPipeCallback	16	static
usb_host_cdc.c:141:6:USB_HostCdcDataOutPipeCallback	16	static
usb_host_cdc.c:173:6:USB_HostCdcInterruptPipeCallback	16	static
usb_host_cdc.c:206:6:USB_HostCdcControlPipeCallback	16	static
usb_host_cdc.c:363:21:USB_HostCdcOpenControlInterface	48	static
usb_host_cdc.c:433:13:USB_HostCdcSetContorlInterfaceCallback	16	static
usb_host_cdc.c:228:21:USB_HostCdcOpenDataInterface	48	static
usb_host_cdc.c:336:13:USB_HostCdcSetDataInterfaceCallback	16	static
usb_host_cdc.c:464:14:USB_HostCdcInit	32	static
usb_host_cdc.c:506:14:USB_HostCdcSetControlInterface	32	static
usb_host_cdc.c:601:14:USB_HostCdcSetDataInterface	32	static
usb_host_cdc.c:699:14:USB_HostCdcDeinit	16	static
usb_host_cdc.c:787:14:USB_HostCdcDataRecv	32	static
usb_host_cdc.c:849:14:USB_HostCdcDataSend	32	static
usb_host_cdc.c:910:14:USB_HostCdcInterruptRecv	32	static
usb_host_cdc.c:969:10:USB_HostCdcGetPacketsize	0	static
usb_host_cdc.c:1007:14:USB_HostCdcControl	40	static
usb_host_cdc.c:1075:14:USB_HostCdcGetAcmLineCoding	32	static
usb_host_cdc.c:1101:14:USB_HostCdcSetAcmCtrlState	32	static
usb_host_cdc.c:1132:14:USB_HostCdcSendEncapsulatedCommand	32	static
usb_host_cdc.c:1159:14:USB_HostCdcGetEncapsulatedResponse	32	static
usb_host_cdc.c:1184:14:USB_HostCdcGetAcmDescriptor	24	static
