usb_osa_bm.c:76:7:USB_OsaMemoryAllocate	8	static
usb_osa_bm.c:90:6:USB_OsaMemoryFree	0	static
usb_osa_bm.c:95:6:USB_OsaEnterCritical	0	static
usb_osa_bm.c:103:6:USB_OsaExitCritical	0	static
usb_osa_bm.c:108:18:USB_OsaEventCreate	16	static
usb_osa_bm.c:142:18:USB_OsaEventDestroy	0	static
usb_osa_bm.c:157:18:USB_OsaEventSet	0	static
usb_osa_bm.c:172:18:USB_OsaEventWait	4	static
usb_osa_bm.c:213:18:USB_OsaEventCheck	4	static
usb_osa_bm.c:240:18:USB_OsaEventClear	0	static
usb_osa_bm.c:257:18:USB_OsaSemCreate	8	static
usb_osa_bm.c:289:18:USB_OsaSemDestroy	0	static
usb_osa_bm.c:304:18:USB_OsaSemPost	0	static
usb_osa_bm.c:320:18:USB_OsaSemWait	0	static
usb_osa_bm.c:344:18:USB_OsaMutexCreate	0	static
usb_osa_bm.c:354:18:USB_OsaMutexDestroy	0	static
usb_osa_bm.c:358:18:USB_OsaMutexLock	0	static
usb_osa_bm.c:362:18:USB_OsaMutexUnlock	0	static
usb_osa_bm.c:367:18:USB_OsaMsgqCreate	12	static
usb_osa_bm.c:402:18:USB_OsaMsgqDestroy	0	static
usb_osa_bm.c:417:18:USB_OsaMsgqSend	16	static
usb_osa_bm.c:460:18:USB_OsaMsgqRecv	12	static
usb_osa_bm.c:498:18:USB_OsaMsgqCheck	12	static
