Archive member included to satisfy reference by file (symbol)

F:\Dropbox\Hardware Development\MCUXpresso\11.0.1\workspace\speakEZ\libs\libarm_cortexM7lfsp_math.a(arm_sin_f32.o)
                              ./source/speakEZ.o (arm_sin_f32)
F:\Dropbox\Hardware Development\MCUXpresso\11.0.1\workspace\speakEZ\libs\libarm_cortexM7lfsp_math.a(arm_cos_f32.o)
                              ./source/speakEZ.o (arm_cos_f32)
F:\Dropbox\Hardware Development\MCUXpresso\11.0.1\workspace\speakEZ\libs\libarm_cortexM7lfsp_math.a(arm_common_tables.o)
                              F:\Dropbox\Hardware Development\MCUXpresso\11.0.1\workspace\speakEZ\libs\libarm_cortexM7lfsp_math.a(arm_sin_f32.o) (sinTable_f32)
c:/nxp/mcuxpressoide_11.0.1_2563/ide/plugins/com.nxp.mcuxpresso.tools.win32_11.0.1.201907311258/tools/bin/../lib/gcc/arm-none-eabi/8.2.1/../../../../arm-none-eabi/lib/thumb/v7e-m+fp/hard\libcr_semihost_nf.a(_cr__main.o)
                              ./startup/startup_mimxrt1011.o (__main)
c:/nxp/mcuxpressoide_11.0.1_2563/ide/plugins/com.nxp.mcuxpresso.tools.win32_11.0.1.201907311258/tools/bin/../lib/gcc/arm-none-eabi/8.2.1/../../../../arm-none-eabi/lib/thumb/v7e-m+fp/hard\libcr_c.a(fabsf.o)
                              ./source/speakEZ.o (fabsf)
c:/nxp/mcuxpressoide_11.0.1_2563/ide/plugins/com.nxp.mcuxpresso.tools.win32_11.0.1.201907311258/tools/bin/../lib/gcc/arm-none-eabi/8.2.1/../../../../arm-none-eabi/lib/thumb/v7e-m+fp/hard\libcr_c.a(logf.o)
                              ./source/speakEZ.o (logf)
c:/nxp/mcuxpressoide_11.0.1_2563/ide/plugins/com.nxp.mcuxpresso.tools.win32_11.0.1.201907311258/tools/bin/../lib/gcc/arm-none-eabi/8.2.1/../../../../arm-none-eabi/lib/thumb/v7e-m+fp/hard\libcr_c.a(powf.o)
                              ./source/speakEZ.o (powf)
c:/nxp/mcuxpressoide_11.0.1_2563/ide/plugins/com.nxp.mcuxpresso.tools.win32_11.0.1.201907311258/tools/bin/../lib/gcc/arm-none-eabi/8.2.1/../../../../arm-none-eabi/lib/thumb/v7e-m+fp/hard\libcr_c.a(sinhf.o)
                              ./source/speakEZ.o (sinhf)
c:/nxp/mcuxpressoide_11.0.1_2563/ide/plugins/com.nxp.mcuxpresso.tools.win32_11.0.1.201907311258/tools/bin/../lib/gcc/arm-none-eabi/8.2.1/../../../../arm-none-eabi/lib/thumb/v7e-m+fp/hard\libcr_c.a(memcpy.o)
                              ./codec/fsl_wm8960.o (memcpy)
c:/nxp/mcuxpressoide_11.0.1_2563/ide/plugins/com.nxp.mcuxpresso.tools.win32_11.0.1.201907311258/tools/bin/../lib/gcc/arm-none-eabi/8.2.1/../../../../arm-none-eabi/lib/thumb/v7e-m+fp/hard\libcr_c.a(memset.o)
                              ./utilities/fsl_debug_console.o (memset)
c:/nxp/mcuxpressoide_11.0.1_2563/ide/plugins/com.nxp.mcuxpresso.tools.win32_11.0.1.201907311258/tools/bin/../lib/gcc/arm-none-eabi/8.2.1/../../../../arm-none-eabi/lib/thumb/v7e-m+fp/hard\libcr_c.a(alloc.o)
                              ./osa/usb_osa_bm.o (malloc)
c:/nxp/mcuxpressoide_11.0.1_2563/ide/plugins/com.nxp.mcuxpresso.tools.win32_11.0.1.201907311258/tools/bin/../lib/gcc/arm-none-eabi/8.2.1/../../../../arm-none-eabi/lib/thumb/v7e-m+fp/hard\libcr_c.a(errno.o)
                              c:/nxp/mcuxpressoide_11.0.1_2563/ide/plugins/com.nxp.mcuxpresso.tools.win32_11.0.1.201907311258/tools/bin/../lib/gcc/arm-none-eabi/8.2.1/../../../../arm-none-eabi/lib/thumb/v7e-m+fp/hard\libcr_c.a(logf.o) (errno)
c:/nxp/mcuxpressoide_11.0.1_2563/ide/plugins/com.nxp.mcuxpresso.tools.win32_11.0.1.201907311258/tools/bin/../lib/gcc/arm-none-eabi/8.2.1/../../../../arm-none-eabi/lib/thumb/v7e-m+fp/hard\libcr_c.a(initio.o)
                              c:/nxp/mcuxpressoide_11.0.1_2563/ide/plugins/com.nxp.mcuxpresso.tools.win32_11.0.1.201907311258/tools/bin/../lib/gcc/arm-none-eabi/8.2.1/../../../../arm-none-eabi/lib/thumb/v7e-m+fp/hard\libcr_semihost_nf.a(_cr__main.o) (_initio)
c:/nxp/mcuxpressoide_11.0.1_2563/ide/plugins/com.nxp.mcuxpresso.tools.win32_11.0.1.201907311258/tools/bin/../lib/gcc/arm-none-eabi/8.2.1/../../../../arm-none-eabi/lib/thumb/v7e-m+fp/hard\libcr_c.a(printf.o)
                              ./usb/host/class/usb_host_cdc.o (_printf)
c:/nxp/mcuxpressoide_11.0.1_2563/ide/plugins/com.nxp.mcuxpresso.tools.win32_11.0.1.201907311258/tools/bin/../lib/gcc/arm-none-eabi/8.2.1/../../../../arm-none-eabi/lib/thumb/v7e-m+fp/hard\libcr_c.a(setvbuf.o)
                              c:/nxp/mcuxpressoide_11.0.1_2563/ide/plugins/com.nxp.mcuxpresso.tools.win32_11.0.1.201907311258/tools/bin/../lib/gcc/arm-none-eabi/8.2.1/../../../../arm-none-eabi/lib/thumb/v7e-m+fp/hard\libcr_c.a(initio.o) (setvbuf)
c:/nxp/mcuxpressoide_11.0.1_2563/ide/plugins/com.nxp.mcuxpresso.tools.win32_11.0.1.201907311258/tools/bin/../lib/gcc/arm-none-eabi/8.2.1/../../../../arm-none-eabi/lib/thumb/v7e-m+fp/hard\libcr_c.a(strlen.o)
                              ./utilities/fsl_str.o (strlen)
[...]
Memory Configuration

Name             Origin             Length             Attributes
BOARD_FLASH      0x60000000         0x01000000         xr
SRAM_DTC         0x20000000         0x00008000         xrw
SRAM_ITC         0x00000000         0x00008000         xrw
SRAM_OC          0x20200000         0x00008000         xrw
NCACHE_REGION    0x20208000         0x00008000         xrw
*default*        0x00000000         0xffffffff

Linker script and memory map

LOAD ./xip/evkmimxrt1010_flexspi_nor_config.o
LOAD ./xip/fsl_flexspi_nor_boot.o
LOAD ./utilities/fsl_debug_console.o
LOAD ./utilities/fsl_str.o
LOAD ./usb/phy/usb_phy.o
LOAD ./usb/host/class/usb_host_cdc.o
LOAD ./usb/host/usb_host_devices.o
LOAD ./usb/host/usb_host_ehci.o
LOAD ./usb/host/usb_host_framework.o
LOAD ./usb/host/usb_host_hci.o
LOAD ./startup/startup_mimxrt1011.o
LOAD ./source/semihost_hardfault.o
LOAD ./source/speakEZ.o
LOAD ./source/usbmidi.o
LOAD ./osa/usb_osa_bm.o
LOAD ./drivers/fsl_clock.o
LOAD ./drivers/fsl_common.o
LOAD ./drivers/fsl_dmamux.o
LOAD ./drivers/fsl_edma.o
LOAD ./drivers/fsl_gpio.o
LOAD ./drivers/fsl_lpi2c.o
LOAD ./drivers/fsl_lpi2c_edma.o
LOAD ./drivers/fsl_lpuart.o
LOAD ./drivers/fsl_lpuart_edma.o
LOAD ./drivers/fsl_pit.o
LOAD ./drivers/fsl_sai.o
LOAD ./device/system_MIMXRT1011.o
LOAD ./component/uart/lpuart_adapter.o
LOAD ./component/serial_manager/serial_manager.o
LOAD ./component/serial_manager/serial_port_uart.o
LOAD ./component/i2c/lpi2c_adapter.o
LOAD ./codec/fsl_codec_adapter.o
LOAD ./codec/fsl_codec_common.o
LOAD ./codec/fsl_codec_i2c.o
LOAD ./codec/fsl_wm8960.o
LOAD ./board/board.o
LOAD ./board/clock_config.o
LOAD ./board/peripherals.o
LOAD ./board/pin_mux.o
LOAD F:\Dropbox\Hardware Development\MCUXpresso\11.0.1\workspace\speakEZ\libs\libarm_cortexM7lfsp_math.a
START GROUP
LOAD c:/nxp/mcuxpressoide_11.0.1_2563/ide/plugins/com.nxp.mcuxpresso.tools.win32_11.0.1.201907311258/tools/bin/../lib/gcc/arm-none-eabi/8.2.1/../../../../arm-none-eabi/lib/thumb/v7e-m+fp/hard\libcr_semihost_nf.a
LOAD c:/nxp/mcuxpressoide_11.0.1_2563/ide/plugins/com.nxp.mcuxpresso.tools.win32_11.0.1.201907311258/tools/bin/../lib/gcc/arm-none-eabi/8.2.1/../../../../arm-none-eabi/lib/thumb/v7e-m+fp/hard\libcr_c.a
LOAD c:/nxp/mcuxpressoide_11.0.1_2563/ide/plugins/com.nxp.mcuxpresso.tools.win32_11.0.1.201907311258/tools/bin/../lib/gcc/arm-none-eabi/8.2.1/thumb/v7e-m+fp/hard\libcr_eabihelpers.a
LOAD c:/nxp/mcuxpressoide_11.0.1_2563/ide/plugins/com.nxp.mcuxpresso.tools.win32_11.0.1.201907311258/tools/bin/../lib/gcc/arm-none-eabi/8.2.1/thumb/v7e-m+fp/hard\libgcc.a
END GROUP
                0x60000000                __base_BOARD_FLASH = 0x60000000
                0x60000000                __base_Flash = 0x60000000
                0x61000000                __top_BOARD_FLASH = 0x61000000
                0x61000000                __top_Flash = 0x61000000
                0x20000000                __base_SRAM_DTC = 0x20000000
                0x20000000                __base_RAM = 0x20000000
                0x20008000                __top_SRAM_DTC = 0x20008000
                0x20008000                __top_RAM = 0x20008000
                0x00000000                __base_SRAM_ITC = 0x0
                0x00000000                __base_RAM2 = 0x0
                0x00008000                __top_SRAM_ITC = 0x8000
                0x00008000                __top_RAM2 = 0x8000
                0x20200000                __base_SRAM_OC = 0x20200000
                0x20200000                __base_RAM3 = 0x20200000
                0x20208000                __top_SRAM_OC = 0x20208000
                0x20208000                __top_RAM3 = 0x20208000
                0x20208000                __base_NCACHE_REGION = 0x20208000
                0x20208000                __base_RAM4 = 0x20208000
                0x20210000                __top_NCACHE_REGION = 0x20210000
                0x20210000                __top_RAM4 = 0x20210000

.boot_hdr       0x60000000     0x2000
 FILL mask 0xff
                0x00000400                . = 0x400
 *fill*         0x60000000      0x400 ff
                0x60000400                __boot_hdr_start__ = ABSOLUTE (.)
 *(SORT_BY_ALIGNMENT(.boot_hdr.conf))
 .boot_hdr.conf
                0x60000400      0x200 ./xip/evkmimxrt1010_flexspi_nor_config.o
                0x60000400                qspiflash_config
                0x00001000                . = 0x1000
 *fill*         0x60000600      0xa00 ff
 *(SORT_BY_ALIGNMENT(.boot_hdr.ivt))
 .boot_hdr.ivt  0x60001000       0x20 ./xip/fsl_flexspi_nor_boot.o
                0x60001000                image_vector_table
                0x00001020                . = 0x1020
 *(SORT_BY_ALIGNMENT(.boot_hdr.boot_data))
 .boot_hdr.boot_data
                0x60001020       0x10 ./xip/fsl_flexspi_nor_boot.o
                0x60001020                boot_data
                0x00001030                . = 0x1030
 *(SORT_BY_ALIGNMENT(.boot_hdr.dcd_data))
                0x00001030                __boot_hdr_end__ = ABSOLUTE (.)
                0x00002000                . = 0x2000
 *fill*         0x60001030      0xfd0 ff

.text           0x60002000     0xbb70
 FILL mask 0xff
                0x60002000                __vectors_start__ = ABSOLUTE (.)
 *(SORT_BY_ALIGNMENT(.isr_vector))
 .isr_vector    0x60002000      0x180 ./startup/startup_mimxrt1011.o
                0x60002000                g_pfnVectors
                0x60002000                __Vectors
                0x60002180                . = ALIGN (0x4)
                0x60002180                __section_table_start = .
                0x60002180                __data_section_table = .
                0x60002180        0x4 LONG 0x6000db70 LOADADDR (.data)
                0x60002184        0x4 LONG 0x20000000 ADDR (.data)
                0x60002188        0x4 LONG 0xd8 SIZEOF (.data)
                0x6000218c        0x4 LONG 0x6000db70 LOADADDR (.data_RAM2)
                0x60002190        0x4 LONG 0x0 ADDR (.data_RAM2)
                0x60002194        0x4 LONG 0x0 SIZEOF (.data_RAM2)
                0x60002198        0x4 LONG 0x6000db70 LOADADDR (.data_RAM3)
                0x6000219c        0x4 LONG 0x20200000 ADDR (.data_RAM3)
                0x600021a0        0x4 LONG 0x0 SIZEOF (.data_RAM3)
                0x600021a4        0x4 LONG 0x6000db70 LOADADDR (.data_RAM4)
                0x600021a8        0x4 LONG 0x20208000 ADDR (.data_RAM4)
                0x600021ac        0x4 LONG 0x0 SIZEOF (.data_RAM4)
                0x600021b0                __data_section_table_end = .
                0x600021b0                __bss_section_table = .
                0x600021b0        0x4 LONG 0x20001000 ADDR (.bss)
                0x600021b4        0x4 LONG 0x3fd0 SIZEOF (.bss)
                0x600021b8        0x4 LONG 0x0 ADDR (.bss_RAM2)
                0x600021bc        0x4 LONG 0x0 SIZEOF (.bss_RAM2)
                0x600021c0        0x4 LONG 0x20200000 ADDR (.bss_RAM3)
                0x600021c4        0x4 LONG 0x0 SIZEOF (.bss_RAM3)
                0x600021c8        0x4 LONG 0x20208000 ADDR (.bss_RAM4)
                0x600021cc        0x4 LONG 0x0 SIZEOF (.bss_RAM4)
                0x600021d0                __bss_section_table_end = .
                0x600021d0                __section_table_end = .
 *(SORT_BY_ALIGNMENT(.after_vectors*))
 .after_vectors
                0x600021d0       0x18 ./startup/startup_mimxrt1011.o
                0x600021d0                NMI_Handler
                0x600021d8                SVC_Handler
                0x600021dc                PendSV_Handler
                0x600021e0                SysTick_Handler
                0x600021e4                LPSPI2_DriverIRQHandler
                0x600021e4                SPDIF_DriverIRQHandler
                0x600021e4                PIT_DriverIRQHandler
                0x600021e4                CCM_2_DriverIRQHandler
                0x600021e4                FLEXRAM_DriverIRQHandler
                0x600021e4                ADC_ETC_IRQ3_DriverIRQHandler
                0x600021e4                USB_PHY_DriverIRQHandler
                0x600021e4                GPR_IRQ_DriverIRQHandler
                0x600021e4                TRNG_DriverIRQHandler
                0x600021e4                IntDefaultHandler
                0x600021e4                SRC_DriverIRQHandler
                0x600021e4                EWM_DriverIRQHandler
                0x600021e4                WDOG1_DriverIRQHandler
                0x600021e4                FLEXIO1_DriverIRQHandler
                0x600021e4                ADC_ETC_IRQ2_DriverIRQHandler
                0x600021e4                GPIO1_Combined_16_31_DriverIRQHandler
                0x600021e4                DCDC_DriverIRQHandler
                0x600021e4                ADC_ETC_ERROR_IRQ_DriverIRQHandler
                0x600021e4                GPIO5_Combined_0_15_DriverIRQHandler
                0x600021e4                RTWDOG_DriverIRQHandler
                0x600021e4                FLEXSPI_DriverIRQHandler
                0x600021e4                GPT2_DriverIRQHandler
                0x600021e4                PWM1_1_DriverIRQHandler
                0x600021e4                Reserved71_DriverIRQHandler
                0x600021e4                ADC1_DriverIRQHandler
                0x600021e4                PWM1_0_DriverIRQHandler
                0x600021e4                DCP_DriverIRQHandler
                0x600021e4                CTI0_ERROR_DriverIRQHandler
                0x600021e4                GPT1_DriverIRQHandler
                0x600021e4                CSU_DriverIRQHandler
                0x600021e4                CTI1_ERROR_DriverIRQHandler
                0x600021e4                GPIO1_Combined_0_15_DriverIRQHandler
                0x600021e4                CORE_DriverIRQHandler
                0x600021e4                KPP_DriverIRQHandler
                0x600021e4                SNVS_HP_WRAPPER_TZ_DriverIRQHandler
                0x600021e4                PWM1_FAULT_DriverIRQHandler
                0x600021e4                SNVS_HP_WRAPPER_DriverIRQHandler
                0x600021e4                ADC_ETC_IRQ1_DriverIRQHandler
                0x600021e4                LPSPI1_DriverIRQHandler
                0x600021e4                DCP_VMI_DriverIRQHandler
                0x600021e4                GPC_DriverIRQHandler
                0x600021e4                GPIO2_Combined_0_15_DriverIRQHandler
                0x600021e4                PWM1_2_DriverIRQHandler
                0x600021e4                USB_OTG1_DriverIRQHandler
                0x600021e4                TEMP_LOW_HIGH_DriverIRQHandler
                0x600021e4                WDOG2_DriverIRQHandler
                0x600021e4                Reserved68_DriverIRQHandler
                0x600021e4                PMU_DriverIRQHandler
                0x600021e4                CCM_1_DriverIRQHandler
                0x600021e4                TEMP_PANIC_DriverIRQHandler
                0x600021e4                PWM1_3_DriverIRQHandler
                0x600021e4                Reserved70_DriverIRQHandler
                0x600021e4                DMA_ERROR_DriverIRQHandler
                0x600021e4                ADC_ETC_IRQ0_DriverIRQHandler
                0x600021e4                XBAR1_IRQ_0_1_2_3_DriverIRQHandler
                0x600021e4                SNVS_LP_WRAPPER_DriverIRQHandler
 .after_vectors.reset
                0x600021e8      0x168 ./startup/startup_mimxrt1011.o
                0x600021e8                ResetISR
 *(SORT_BY_ALIGNMENT(.text*))
 .text.setWavetableTri
                0x60002350       0x8c ./source/speakEZ.o
                0x60002350                setWavetableTri
 *fill*         0x600023dc        0x4 ff
 .text.setWavetableNovel
                0x600023e0       0x90 ./source/speakEZ.o
                0x600023e0                setWavetableNovel
 .text.calculateBiquadCoeffs
                0x60002470      0x234 ./source/speakEZ.o
                0x60002470                calculateBiquadCoeffs
 *fill*         0x600026a4        0x4 ff
 .text.startup.main
                0x600026a8      0xae8 ./source/speakEZ.o
                0x600026a8                main
 .text.powf     0x60003190      0x2d4 c:/nxp/mcuxpressoide_11.0.1_2563/ide/plugins/com.nxp.mcuxpresso.tools.win32_11.0.1.201907311258/tools/bin/../lib/gcc/arm-none-eabi/8.2.1/../../../../arm-none-eabi/lib/thumb/v7e-m+fp/hard\libcr_c.a(powf.o)
                0x60003190                powf
 .text.DbgConsole_Init
                0x60003464       0x70 ./utilities/fsl_debug_console.o
                0x60003464                DbgConsole_Init
 .text.USB_EhciPhyInit
                0x600034d4       0xcc ./usb/phy/usb_phy.o
                0x600034d4                USB_EhciPhyInit
 .text.USB_EhcihostPhyDisconnectDetectCmd
                0x600035a0       0x58 ./usb/phy/usb_phy.o
                0x600035a0                USB_EhcihostPhyDisconnectDetectCmd
 .text.USB_HostCdcDataInPipeCallback
                0x600035f8       0x20 ./usb/host/class/usb_host_cdc.o
                0x600035f8                USB_HostCdcDataInPipeCallback
 .text.USB_HostCdcOpenControlInterface
                0x60003618       0xc4 ./usb/host/class/usb_host_cdc.o
 .text.USB_HostCdcSetContorlInterfaceCallback
                0x600036dc       0x30 ./usb/host/class/usb_host_cdc.o
 .text.USB_HostCdcOpenDataInterface
                0x6000370c      0x130 ./usb/host/class/usb_host_cdc.o
 .text.USB_HostCdcSetDataInterfaceCallback
                0x6000383c       0x30 ./usb/host/class/usb_host_cdc.o
 .text.USB_HostCdcInit
                0x6000386c       0x44 ./usb/host/class/usb_host_cdc.o
                0x6000386c                USB_HostCdcInit
 .text.USB_HostCdcSetControlInterface
                0x600038b0       0xa8 ./usb/host/class/usb_host_cdc.o
                0x600038b0                USB_HostCdcSetControlInterface
 .text.USB_HostCdcSetDataInterface
                0x60003958       0xb4 ./usb/host/class/usb_host_cdc.o
                0x60003958                USB_HostCdcSetDataInterface
 .text.USB_HostCdcDeinit
                0x60003a0c       0x8c ./usb/host/class/usb_host_cdc.o
                0x60003a0c                USB_HostCdcDeinit
 .text.USB_HostCdcDataRecv
                0x60003a98       0x54 ./usb/host/class/usb_host_cdc.o
                0x60003a98                USB_HostCdcDataRecv
 .text.USB_HostCdcGetPacketsize
                0x60003aec       0x18 ./usb/host/class/usb_host_cdc.o
                0x60003aec                USB_HostCdcGetPacketsize
 .text.USB_HostProcessCallback
                0x60003b04      0x3a0 ./usb/host/usb_host_devices.o
 .text.USB_HostProcessState
                0x60003ea4      0x130 ./usb/host/usb_host_devices.o
 .text.USB_HostEnumerationTransferCallback
                0x60003fd4       0xcc ./usb/host/usb_host_devices.o
 .text.USB_HostReleaseDeviceResource
                0x600040a0       0x90 ./usb/host/usb_host_devices.o
 .text.USB_HostAttachDevice
                0x60004130      0x238 ./usb/host/usb_host_devices.o
                0x60004130                USB_HostAttachDevice
 .text.USB_HostDetachDeviceInternal
                0x60004368       0x84 ./usb/host/usb_host_devices.o
                0x60004368                USB_HostDetachDeviceInternal
 .text.USB_HostDetachDevice
                0x600043ec       0x2c ./usb/host/usb_host_devices.o
                0x600043ec                USB_HostDetachDevice
 .text.USB_HostOpenDeviceInterface
                0x60004418       0x98 ./usb/host/usb_host_devices.o
                0x60004418                USB_HostOpenDeviceInterface
 .text.USB_HostCloseDeviceInterface
                0x600044b0      0x134 ./usb/host/usb_host_devices.o
                0x600044b0                USB_HostCloseDeviceInterface
 .text.USB_HostEhciQhInit.isra.12
                0x600045e4      0x118 ./usb/host/usb_host_ehci.o
 .text.USB_HostBandwidthHsHostComputeCurrentHsAll.isra.14.part.15
                0x600046fc      0x1c4 ./usb/host/usb_host_ehci.o
 .text.USB_HostEhciQhQtdListDeinit.isra.10
                0x600048c0      0x174 ./usb/host/usb_host_ehci.o
 .text.USB_HostEhciTransactionDone
                0x60004a34      0x284 ./usb/host/usb_host_ehci.o
                0x60004a34                USB_HostEhciTransactionDone
 .text.USB_HostEhciCreate
                0x60004cb8      0x280 ./usb/host/usb_host_ehci.o
                0x60004cb8                USB_HostEhciCreate
 .text.USB_HostEhciDestory
                0x60004f38       0x3c ./usb/host/usb_host_ehci.o
                0x60004f38                USB_HostEhciDestory
 .text.USB_HostEhciOpenPipe
                0x60004f74      0xb30 ./usb/host/usb_host_ehci.o
                0x60004f74                USB_HostEhciOpenPipe
 .text.USB_HostEhciClosePipe
                0x60005aa4      0x218 ./usb/host/usb_host_ehci.o
                0x60005aa4                USB_HostEhciClosePipe
 .text.USB_HostEhciWritePipe
                0x60005cbc      0x310 ./usb/host/usb_host_ehci.o
                0x60005cbc                USB_HostEhciWritePipe
 .text.USB_HostEhciReadpipe
                0x60005fcc      0x310 ./usb/host/usb_host_ehci.o
                0x60005fcc                USB_HostEhciReadpipe
 .text.USB_HostEhciIoctl
                0x600062dc      0x3b0 ./usb/host/usb_host_ehci.o
                0x600062dc                USB_HostEhciIoctl
 .text.USB_HostEhciTaskFunction
                0x6000668c      0x4b0 ./usb/host/usb_host_ehci.o
                0x6000668c                USB_HostEhciTaskFunction
 .text.USB_HostEhciIsrFunction
                0x60006b3c       0x6c ./usb/host/usb_host_ehci.o
                0x60006b3c                USB_HostEhciIsrFunction
 .text.USB_HostCh9RequestCommon
                0x60006ba8       0x2c ./usb/host/usb_host_framework.o
                0x60006ba8                USB_HostCh9RequestCommon
 .text.USB_HostStandardSetAddress
                0x60006bd4       0x30 ./usb/host/usb_host_framework.o
                0x60006bd4                USB_HostStandardSetAddress
 .text.USB_HostStandardSetGetDescriptor
                0x60006c04       0x3c ./usb/host/usb_host_framework.o
                0x60006c04                USB_HostStandardSetGetDescriptor
 .text.USB_HostInit
                0x60006c40      0x20c ./usb/host/usb_host_hci.o
                0x60006c40                USB_HostInit
 .text.USB_HostOpenPipe
                0x60006e4c       0x14 ./usb/host/usb_host_hci.o
                0x60006e4c                USB_HostOpenPipe
 .text.USB_HostClosePipe
                0x60006e60       0x14 ./usb/host/usb_host_hci.o
                0x60006e60                USB_HostClosePipe
 .text.USB_HostSendSetup
                0x60006e74       0x50 ./usb/host/usb_host_hci.o
                0x60006e74                USB_HostSendSetup
 .text.USB_HostRecv
                0x60006ec4       0x48 ./usb/host/usb_host_hci.o
                0x60006ec4                USB_HostRecv
 .text.USB_HostCancelTransfer
                0x60006f0c       0x24 ./usb/host/usb_host_hci.o
                0x60006f0c                USB_HostCancelTransfer
 .text.USB_HostMallocTransfer
                0x60006f30       0x40 ./usb/host/usb_host_hci.o
                0x60006f30                USB_HostMallocTransfer
 .text.USB_HostFreeTransfer
                0x60006f70       0x2c ./usb/host/usb_host_hci.o
                0x60006f70                USB_HostFreeTransfer
 .text.USB_HostHelperGetPeripheralInformation
                0x60006f9c       0x94 ./usb/host/usb_host_hci.o
                0x60006f9c                USB_HostHelperGetPeripheralInformation
 .text.DMA0_IRQHandler
                0x60007030        0x8 ./startup/startup_mimxrt1011.o
                0x60007030                DMA0_IRQHandler
 .text.DMA1_IRQHandler
                0x60007038        0x8 ./startup/startup_mimxrt1011.o
                0x60007038                DMA1_IRQHandler
 .text.DMA2_IRQHandler
                0x60007040        0x8 ./startup/startup_mimxrt1011.o
                0x60007040                DMA2_IRQHandler
 .text.DMA3_IRQHandler
                0x60007048        0x8 ./startup/startup_mimxrt1011.o
                0x60007048                DMA3_IRQHandler
 .text.DMA4_IRQHandler
                0x60007050        0x8 ./startup/startup_mimxrt1011.o
                0x60007050                DMA4_IRQHandler
 .text.DMA5_IRQHandler
                0x60007058        0x8 ./startup/startup_mimxrt1011.o
                0x60007058                DMA5_IRQHandler
 .text.DMA6_IRQHandler
                0x60007060        0x8 ./startup/startup_mimxrt1011.o
                0x60007060                DMA6_IRQHandler
 .text.DMA7_IRQHandler
                0x60007068        0x8 ./startup/startup_mimxrt1011.o
                0x60007068                DMA7_IRQHandler
 .text.DMA8_IRQHandler
                0x60007070        0x8 ./startup/startup_mimxrt1011.o
                0x60007070                DMA8_IRQHandler
 .text.DMA9_IRQHandler
                0x60007078        0x8 ./startup/startup_mimxrt1011.o
                0x60007078                DMA9_IRQHandler
 .text.DMA10_IRQHandler
                0x60007080        0x8 ./startup/startup_mimxrt1011.o
                0x60007080                DMA10_IRQHandler
 .text.DMA11_IRQHandler
                0x60007088        0x8 ./startup/startup_mimxrt1011.o
                0x60007088                DMA11_IRQHandler
 .text.DMA12_IRQHandler
                0x60007090        0x8 ./startup/startup_mimxrt1011.o
                0x60007090                DMA12_IRQHandler
 .text.DMA13_IRQHandler
                0x60007098        0x8 ./startup/startup_mimxrt1011.o
                0x60007098                DMA13_IRQHandler
 .text.DMA14_IRQHandler
                0x600070a0        0x8 ./startup/startup_mimxrt1011.o
                0x600070a0                DMA14_IRQHandler
 .text.DMA15_IRQHandler
                0x600070a8        0x8 ./startup/startup_mimxrt1011.o
                0x600070a8                DMA15_IRQHandler
 .text.DMA_ERROR_IRQHandler
                0x600070b0        0x8 ./startup/startup_mimxrt1011.o
                0x600070b0                DMA_ERROR_IRQHandler
 .text.CTI0_ERROR_IRQHandler
                0x600070b8        0x8 ./startup/startup_mimxrt1011.o
                0x600070b8                CTI0_ERROR_IRQHandler
 .text.CTI1_ERROR_IRQHandler
                0x600070c0        0x8 ./startup/startup_mimxrt1011.o
                0x600070c0                CTI1_ERROR_IRQHandler
 .text.CORE_IRQHandler
                0x600070c8        0x8 ./startup/startup_mimxrt1011.o
                0x600070c8                CORE_IRQHandler
 .text.LPUART1_IRQHandler
                0x600070d0        0x8 ./startup/startup_mimxrt1011.o
                0x600070d0                LPUART1_IRQHandler
 .text.LPUART2_IRQHandler
                0x600070d8        0x8 ./startup/startup_mimxrt1011.o
                0x600070d8                LPUART2_IRQHandler
 .text.LPUART3_IRQHandler
                0x600070e0        0x8 ./startup/startup_mimxrt1011.o
                0x600070e0                LPUART3_IRQHandler
 .text.LPUART4_IRQHandler
                0x600070e8        0x8 ./startup/startup_mimxrt1011.o
                0x600070e8                LPUART4_IRQHandler
 .text.FLEXSPI_IRQHandler
                0x600070f0        0x8 ./startup/startup_mimxrt1011.o
                0x600070f0                FLEXSPI_IRQHandler
 .text.FLEXRAM_IRQHandler
                0x600070f8        0x8 ./startup/startup_mimxrt1011.o
                0x600070f8                FLEXRAM_IRQHandler
 .text.LPI2C1_IRQHandler
                0x60007100        0x8 ./startup/startup_mimxrt1011.o
                0x60007100                LPI2C1_IRQHandler
 .text.LPI2C2_IRQHandler
                0x60007108        0x8 ./startup/startup_mimxrt1011.o
                0x60007108                LPI2C2_IRQHandler
 .text.GPT1_IRQHandler
                0x60007110        0x8 ./startup/startup_mimxrt1011.o
                0x60007110                GPT1_IRQHandler
 .text.GPT2_IRQHandler
                0x60007118        0x8 ./startup/startup_mimxrt1011.o
                0x60007118                GPT2_IRQHandler
 .text.LPSPI1_IRQHandler
                0x60007120        0x8 ./startup/startup_mimxrt1011.o
                0x60007120                LPSPI1_IRQHandler
 .text.LPSPI2_IRQHandler
                0x60007128        0x8 ./startup/startup_mimxrt1011.o
                0x60007128                LPSPI2_IRQHandler
 .text.PWM1_0_IRQHandler
                0x60007130        0x8 ./startup/startup_mimxrt1011.o
                0x60007130                PWM1_0_IRQHandler
 .text.PWM1_1_IRQHandler
                0x60007138        0x8 ./startup/startup_mimxrt1011.o
                0x60007138                PWM1_1_IRQHandler
 .text.PWM1_2_IRQHandler
                0x60007140        0x8 ./startup/startup_mimxrt1011.o
                0x60007140                PWM1_2_IRQHandler
 .text.PWM1_3_IRQHandler
                0x60007148        0x8 ./startup/startup_mimxrt1011.o
                0x60007148                PWM1_3_IRQHandler
 .text.PWM1_FAULT_IRQHandler
                0x60007150        0x8 ./startup/startup_mimxrt1011.o
                0x60007150                PWM1_FAULT_IRQHandler
 .text.KPP_IRQHandler
                0x60007158        0x8 ./startup/startup_mimxrt1011.o
                0x60007158                KPP_IRQHandler
 .text.SRC_IRQHandler
                0x60007160        0x8 ./startup/startup_mimxrt1011.o
                0x60007160                SRC_IRQHandler
 .text.GPR_IRQ_IRQHandler
                0x60007168        0x8 ./startup/startup_mimxrt1011.o
                0x60007168                GPR_IRQ_IRQHandler
 .text.CCM_1_IRQHandler
                0x60007170        0x8 ./startup/startup_mimxrt1011.o
                0x60007170                CCM_1_IRQHandler
 .text.CCM_2_IRQHandler
                0x60007178        0x8 ./startup/startup_mimxrt1011.o
                0x60007178                CCM_2_IRQHandler
 .text.EWM_IRQHandler
                0x60007180        0x8 ./startup/startup_mimxrt1011.o
                0x60007180                EWM_IRQHandler
 .text.WDOG2_IRQHandler
                0x60007188        0x8 ./startup/startup_mimxrt1011.o
                0x60007188                WDOG2_IRQHandler
 .text.SNVS_HP_WRAPPER_IRQHandler
                0x60007190        0x8 ./startup/startup_mimxrt1011.o
                0x60007190                SNVS_HP_WRAPPER_IRQHandler
 .text.SNVS_HP_WRAPPER_TZ_IRQHandler
                0x60007198        0x8 ./startup/startup_mimxrt1011.o
                0x60007198                SNVS_HP_WRAPPER_TZ_IRQHandler
 .text.SNVS_LP_WRAPPER_IRQHandler
                0x600071a0        0x8 ./startup/startup_mimxrt1011.o
                0x600071a0                SNVS_LP_WRAPPER_IRQHandler
 .text.CSU_IRQHandler
                0x600071a8        0x8 ./startup/startup_mimxrt1011.o
                0x600071a8                CSU_IRQHandler
 .text.DCP_IRQHandler
                0x600071b0        0x8 ./startup/startup_mimxrt1011.o
                0x600071b0                DCP_IRQHandler
 .text.DCP_VMI_IRQHandler
                0x600071b8        0x8 ./startup/startup_mimxrt1011.o
                0x600071b8                DCP_VMI_IRQHandler
 .text.Reserved68_IRQHandler
                0x600071c0        0x8 ./startup/startup_mimxrt1011.o
                0x600071c0                Reserved68_IRQHandler
 .text.TRNG_IRQHandler
                0x600071c8        0x8 ./startup/startup_mimxrt1011.o
                0x600071c8                TRNG_IRQHandler
 .text.Reserved70_IRQHandler
                0x600071d0        0x8 ./startup/startup_mimxrt1011.o
                0x600071d0                Reserved70_IRQHandler
 .text.Reserved71_IRQHandler
                0x600071d8        0x8 ./startup/startup_mimxrt1011.o
                0x600071d8                Reserved71_IRQHandler
 .text.RTWDOG_IRQHandler
                0x600071e0        0x8 ./startup/startup_mimxrt1011.o
                0x600071e0                RTWDOG_IRQHandler
 .text.SAI3_RX_IRQHandler
                0x600071e8        0x8 ./startup/startup_mimxrt1011.o
                0x600071e8                SAI3_RX_IRQHandler
 .text.SAI3_TX_IRQHandler
                0x600071f0        0x8 ./startup/startup_mimxrt1011.o
                0x600071f0                SAI3_TX_IRQHandler
 .text.SPDIF_IRQHandler
                0x600071f8        0x8 ./startup/startup_mimxrt1011.o
                0x600071f8                SPDIF_IRQHandler
 .text.PMU_IRQHandler
                0x60007200        0x8 ./startup/startup_mimxrt1011.o
                0x60007200                PMU_IRQHandler
 .text.XBAR1_IRQ_0_1_2_3_IRQHandler
                0x60007208        0x8 ./startup/startup_mimxrt1011.o
                0x60007208                XBAR1_IRQ_0_1_2_3_IRQHandler
 .text.TEMP_LOW_HIGH_IRQHandler
                0x60007210        0x8 ./startup/startup_mimxrt1011.o
                0x60007210                TEMP_LOW_HIGH_IRQHandler
 .text.TEMP_PANIC_IRQHandler
                0x60007218        0x8 ./startup/startup_mimxrt1011.o
                0x60007218                TEMP_PANIC_IRQHandler
 .text.USB_PHY_IRQHandler
                0x60007220        0x8 ./startup/startup_mimxrt1011.o
                0x60007220                USB_PHY_IRQHandler
 .text.GPC_IRQHandler
                0x60007228        0x8 ./startup/startup_mimxrt1011.o
                0x60007228                GPC_IRQHandler
 .text.ADC1_IRQHandler
                0x60007230        0x8 ./startup/startup_mimxrt1011.o
                0x60007230                ADC1_IRQHandler
 .text.FLEXIO1_IRQHandler
                0x60007238        0x8 ./startup/startup_mimxrt1011.o
                0x60007238                FLEXIO1_IRQHandler
 .text.DCDC_IRQHandler
                0x60007240        0x8 ./startup/startup_mimxrt1011.o
                0x60007240                DCDC_IRQHandler
 .text.GPIO1_Combined_0_15_IRQHandler
                0x60007248        0x8 ./startup/startup_mimxrt1011.o
                0x60007248                GPIO1_Combined_0_15_IRQHandler
 .text.GPIO1_Combined_16_31_IRQHandler
                0x60007250        0x8 ./startup/startup_mimxrt1011.o
                0x60007250                GPIO1_Combined_16_31_IRQHandler
 .text.GPIO2_Combined_0_15_IRQHandler
                0x60007258        0x8 ./startup/startup_mimxrt1011.o
                0x60007258                GPIO2_Combined_0_15_IRQHandler
 .text.GPIO5_Combined_0_15_IRQHandler
                0x60007260        0x8 ./startup/startup_mimxrt1011.o
                0x60007260                GPIO5_Combined_0_15_IRQHandler
 .text.WDOG1_IRQHandler
                0x60007268        0x8 ./startup/startup_mimxrt1011.o
                0x60007268                WDOG1_IRQHandler
 .text.ADC_ETC_IRQ0_IRQHandler
                0x60007270        0x8 ./startup/startup_mimxrt1011.o
                0x60007270                ADC_ETC_IRQ0_IRQHandler
 .text.ADC_ETC_IRQ1_IRQHandler
                0x60007278        0x8 ./startup/startup_mimxrt1011.o
                0x60007278                ADC_ETC_IRQ1_IRQHandler
 .text.ADC_ETC_IRQ2_IRQHandler
                0x60007280        0x8 ./startup/startup_mimxrt1011.o
                0x60007280                ADC_ETC_IRQ2_IRQHandler
 .text.ADC_ETC_IRQ3_IRQHandler
                0x60007288        0x8 ./startup/startup_mimxrt1011.o
                0x60007288                ADC_ETC_IRQ3_IRQHandler
 .text.ADC_ETC_ERROR_IRQ_IRQHandler
                0x60007290        0x8 ./startup/startup_mimxrt1011.o
                0x60007290                ADC_ETC_ERROR_IRQ_IRQHandler
 .text.HardFault_Handler
                0x60007298       0x2c ./source/semihost_hardfault.o
                0x60007298                HardFault_Handler
 .text.USB_HostEvent
                0x600072c4       0x48 ./source/speakEZ.o
                0x600072c4                USB_HostEvent
 .text.writeToWM8960
                0x6000730c       0xd8 ./source/speakEZ.o
                0x6000730c                writeToWM8960
 .text.configureWM8960
                0x600073e4       0xc0 ./source/speakEZ.o
                0x600073e4                configureWM8960
 .text.setWavetableSine
                0x600074a4       0x58 ./source/speakEZ.o
                0x600074a4                setWavetableSine
 .text.initSynth
                0x600074fc       0xe4 ./source/speakEZ.o
                0x600074fc                initSynth
 .text.playSynth
                0x600075e0       0xd8 ./source/speakEZ.o
                0x600075e0                playSynth
 .text.runAnalysisBiquad
                0x600076b8       0x84 ./source/speakEZ.o
                0x600076b8                runAnalysisBiquad
 .text.SAI1_IRQHandler
                0x6000773c       0x54 ./source/speakEZ.o
                0x6000773c                SAI1_IRQHandler
 .text.PIT_IRQHandler
                0x60007790       0x40 ./source/speakEZ.o
                0x60007790                PIT_IRQHandler
 .text.USB_HostApplicationInit
                0x600077d0       0x3c ./source/speakEZ.o
                0x600077d0                USB_HostApplicationInit
 .text.USB_OTG1_IRQHandler
                0x6000780c        0xc ./source/speakEZ.o
                0x6000780c                USB_OTG1_IRQHandler
 .text.midiInterruptRecvCallback
                0x60007818       0x54 ./source/usbmidi.o
 .text.midiControlCallback
                0x6000786c       0x60 ./source/usbmidi.o
 .text.USB_HostClockInit
                0x600078cc       0x40 ./source/usbmidi.o
                0x600078cc                USB_HostClockInit
 .text.USB_HostIsrEnable
                0x6000790c       0x14 ./source/usbmidi.o
                0x6000790c                USB_HostIsrEnable
 .text.USB_HostTaskFn
                0x60007920        0x4 ./source/usbmidi.o
                0x60007920                USB_HostTaskFn
 .text.USB_HostMidiTask
                0x60007924      0x14c ./source/usbmidi.o
                0x60007924                USB_HostMidiTask
 .text.USB_HostMidiEvent
                0x60007a70      0x1c8 ./source/usbmidi.o
                0x60007a70                USB_HostMidiEvent
 .text.USB_OsaMemoryAllocate
                0x60007c38       0x48 ./osa/usb_osa_bm.o
                0x60007c38                USB_OsaMemoryAllocate
 .text.USB_OsaMemoryFree
                0x60007c80        0x4 ./osa/usb_osa_bm.o
                0x60007c80                USB_OsaMemoryFree
 .text.USB_OsaEnterCritical
                0x60007c84        0xc ./osa/usb_osa_bm.o
                0x60007c84                USB_OsaEnterCritical
 .text.USB_OsaExitCritical
                0x60007c90        0x8 ./osa/usb_osa_bm.o
                0x60007c90                USB_OsaExitCritical
 .text.USB_OsaEventCreate
                0x60007c98       0x5c ./osa/usb_osa_bm.o
                0x60007c98                USB_OsaEventCreate
 .text.USB_OsaEventDestroy
                0x60007cf4       0x1c ./osa/usb_osa_bm.o
                0x60007cf4                USB_OsaEventDestroy
 .text.USB_OsaEventSet
                0x60007d10       0x1c ./osa/usb_osa_bm.o
                0x60007d10                USB_OsaEventSet
 .text.USB_OsaEventWait
                0x60007d2c       0x48 ./osa/usb_osa_bm.o
                0x60007d2c                USB_OsaEventWait
 .text.USB_OsaMutexCreate
                0x60007d74       0x14 ./osa/usb_osa_bm.o
                0x60007d74                USB_OsaMutexCreate
 .text.USB_OsaMutexDestroy
                0x60007d88        0x4 ./osa/usb_osa_bm.o
                0x60007d88                USB_OsaMutexDestroy
 .text.USB_OsaMutexLock
                0x60007d8c        0x4 ./osa/usb_osa_bm.o
                0x60007d8c                USB_OsaMutexLock
 .text.USB_OsaMutexUnlock
                0x60007d90        0x4 ./osa/usb_osa_bm.o
                0x60007d90                USB_OsaMutexUnlock
 .text.CLOCK_InitExternalClk
                0x60007d94       0x34 ./drivers/fsl_clock.o
                0x60007d94                CLOCK_InitExternalClk
 .text.CLOCK_SwitchOsc
                0x60007dc8       0x18 ./drivers/fsl_clock.o
                0x60007dc8                CLOCK_SwitchOsc
 .text.CLOCK_InitRcOsc24M
                0x60007de0       0x14 ./drivers/fsl_clock.o
                0x60007de0                CLOCK_InitRcOsc24M
 .text.CLOCK_EnableUsbhs0Clock
                0x60007df4       0x6c ./drivers/fsl_clock.o
                0x60007df4                CLOCK_EnableUsbhs0Clock
 .text.CLOCK_EnableUsbhs0PhyPllClock
                0x60007e60       0x68 ./drivers/fsl_clock.o
                0x60007e60                CLOCK_EnableUsbhs0PhyPllClock
 .text.CLOCK_InitSysPll
                0x60007ec8       0x70 ./drivers/fsl_clock.o
                0x60007ec8                CLOCK_InitSysPll
 .text.CLOCK_DeinitAudioPll
                0x60007f38       0x10 ./drivers/fsl_clock.o
                0x60007f38                CLOCK_DeinitAudioPll
 .text.CLOCK_InitEnetPll
                0x60007f48       0x58 ./drivers/fsl_clock.o
                0x60007f48                CLOCK_InitEnetPll
 .text.CLOCK_GetPllFreq
                0x60007fa0      0x118 ./drivers/fsl_clock.o
                0x60007fa0                CLOCK_GetPllFreq
 .text.CLOCK_InitSysPfd
                0x600080b8       0x34 ./drivers/fsl_clock.o
                0x600080b8                CLOCK_InitSysPfd
 .text.DMA0_DriverIRQHandler
                0x600080ec       0xa8 ./drivers/fsl_edma.o
                0x600080ec                DMA0_DriverIRQHandler
 .text.DMA1_DriverIRQHandler
                0x60008194       0xa8 ./drivers/fsl_edma.o
                0x60008194                DMA1_DriverIRQHandler
 .text.DMA2_DriverIRQHandler
                0x6000823c       0xa8 ./drivers/fsl_edma.o
                0x6000823c                DMA2_DriverIRQHandler
 .text.DMA3_DriverIRQHandler
                0x600082e4       0xa8 ./drivers/fsl_edma.o
                0x600082e4                DMA3_DriverIRQHandler
 .text.DMA4_DriverIRQHandler
                0x6000838c       0xa8 ./drivers/fsl_edma.o
                0x6000838c                DMA4_DriverIRQHandler
 .text.DMA5_DriverIRQHandler
                0x60008434       0xa8 ./drivers/fsl_edma.o
                0x60008434                DMA5_DriverIRQHandler
 .text.DMA6_DriverIRQHandler
                0x600084dc       0xa8 ./drivers/fsl_edma.o
                0x600084dc                DMA6_DriverIRQHandler
 .text.DMA7_DriverIRQHandler
                0x60008584       0xa8 ./drivers/fsl_edma.o
                0x60008584                DMA7_DriverIRQHandler
 .text.DMA8_DriverIRQHandler
                0x6000862c       0xa8 ./drivers/fsl_edma.o
                0x6000862c                DMA8_DriverIRQHandler
 .text.DMA9_DriverIRQHandler
                0x600086d4       0xa8 ./drivers/fsl_edma.o
                0x600086d4                DMA9_DriverIRQHandler
 .text.DMA10_DriverIRQHandler
                0x6000877c       0xa8 ./drivers/fsl_edma.o
                0x6000877c                DMA10_DriverIRQHandler
 .text.DMA11_DriverIRQHandler
                0x60008824       0xa8 ./drivers/fsl_edma.o
                0x60008824                DMA11_DriverIRQHandler
 .text.DMA12_DriverIRQHandler
                0x600088cc       0xa8 ./drivers/fsl_edma.o
                0x600088cc                DMA12_DriverIRQHandler
 .text.DMA13_DriverIRQHandler
                0x60008974       0xa8 ./drivers/fsl_edma.o
                0x60008974                DMA13_DriverIRQHandler
 .text.DMA14_DriverIRQHandler
                0x60008a1c       0xa8 ./drivers/fsl_edma.o
                0x60008a1c                DMA14_DriverIRQHandler
 .text.DMA15_DriverIRQHandler
                0x60008ac4       0xa8 ./drivers/fsl_edma.o
                0x60008ac4                DMA15_DriverIRQHandler
 .text.GPIO_PinInit
                0x60008b6c       0xf8 ./drivers/fsl_gpio.o
                0x60008b6c                GPIO_PinInit
 .text.LPI2C_MasterSetBaudRate
                0x60008c64      0x12c ./drivers/fsl_lpi2c.o
                0x60008c64                LPI2C_MasterSetBaudRate
 .text.LPI2C_MasterInit
                0x60008d90      0x354 ./drivers/fsl_lpi2c.o
                0x60008d90                LPI2C_MasterInit
 .text.LPI2C_MasterReceive
                0x600090e4       0xb4 ./drivers/fsl_lpi2c.o
                0x600090e4                LPI2C_MasterReceive
 .text.LPI2C_MasterTransferBlocking
                0x60009198      0x3f0 ./drivers/fsl_lpi2c.o
                0x60009198                LPI2C_MasterTransferBlocking
 .text.LPI2C1_DriverIRQHandler
                0x60009588       0x60 ./drivers/fsl_lpi2c.o
                0x60009588                LPI2C1_DriverIRQHandler
 .text.LPI2C2_DriverIRQHandler
                0x600095e8       0x60 ./drivers/fsl_lpi2c.o
                0x600095e8                LPI2C2_DriverIRQHandler
 .text.LPUART_Init
                0x60009648      0x244 ./drivers/fsl_lpuart.o
                0x60009648                LPUART_Init
 .text.LPUART_GetDefaultConfig
                0x6000988c       0x20 ./drivers/fsl_lpuart.o
                0x6000988c                LPUART_GetDefaultConfig
 .text.LPUART1_DriverIRQHandler
                0x600098ac       0x18 ./drivers/fsl_lpuart.o
                0x600098ac                LPUART1_DriverIRQHandler
 .text.LPUART2_DriverIRQHandler
                0x600098c4       0x18 ./drivers/fsl_lpuart.o
                0x600098c4                LPUART2_DriverIRQHandler
 .text.LPUART3_DriverIRQHandler
                0x600098dc       0x18 ./drivers/fsl_lpuart.o
                0x600098dc                LPUART3_DriverIRQHandler
 .text.LPUART4_DriverIRQHandler
                0x600098f4       0x18 ./drivers/fsl_lpuart.o
                0x600098f4                LPUART4_DriverIRQHandler
 .text.PIT_Init
                0x6000990c       0x68 ./drivers/fsl_pit.o
                0x6000990c                PIT_Init
 .text.SAI_Init
                0x60009974       0x50 ./drivers/fsl_sai.o
                0x60009974                SAI_Init
 .text.SAI_TxEnable
                0x600099c4       0x50 ./drivers/fsl_sai.o
                0x600099c4                SAI_TxEnable
 .text.SAI_RxEnable
                0x60009a14       0x58 ./drivers/fsl_sai.o
                0x60009a14                SAI_RxEnable
 .text.SAI_TxSetBitClockRate
                0x60009a6c       0x38 ./drivers/fsl_sai.o
                0x60009a6c                SAI_TxSetBitClockRate
 .text.SAI_RxSetBitClockRate
                0x60009aa4       0x3c ./drivers/fsl_sai.o
                0x60009aa4                SAI_RxSetBitClockRate
 .text.SAI_TxSetConfig
                0x60009ae0      0x208 ./drivers/fsl_sai.o
                0x60009ae0                SAI_TxSetConfig
 .text.SAI_RxSetConfig
                0x60009ce8      0x238 ./drivers/fsl_sai.o
                0x60009ce8                SAI_RxSetConfig
 .text.SAI3_TX_DriverIRQHandler
                0x60009f20       0x18 ./drivers/fsl_sai.o
                0x60009f20                SAI3_TX_DriverIRQHandler
 .text.SAI3_RX_DriverIRQHandler
                0x60009f38       0x18 ./drivers/fsl_sai.o
                0x60009f38                SAI3_RX_DriverIRQHandler
 .text.SystemInit
                0x60009f50      0x130 ./device/system_MIMXRT1011.o
                0x60009f50                SystemInit
 .text.HAL_UartInit
                0x6000a080       0x7c ./component/uart/lpuart_adapter.o
                0x6000a080                HAL_UartInit
 .text.SerialManager_Init
                0x6000a0fc       0x2c ./component/serial_manager/serial_manager.o
                0x6000a0fc                SerialManager_Init
 .text.SerialManager_OpenWriteHandle
                0x6000a128       0x28 ./component/serial_manager/serial_manager.o
                0x6000a128                SerialManager_OpenWriteHandle
 .text.SerialManager_OpenReadHandle
                0x6000a150       0x30 ./component/serial_manager/serial_manager.o
                0x6000a150                SerialManager_OpenReadHandle
 .text.Serial_UartInit
                0x6000a180       0x3c ./component/serial_manager/serial_port_uart.o
                0x6000a180                Serial_UartInit
 .text.BOARD_InitDebugConsole
                0x6000a1bc       0x70 ./board/board.o
                0x6000a1bc                BOARD_InitDebugConsole
 .text.SystemInitHook
                0x6000a22c       0x10 ./board/board.o
                0x6000a22c                SystemInitHook
 .text.BOARD_BootClockRUN
                0x6000a23c      0x474 ./board/clock_config.o
                0x6000a23c                BOARD_BootClockRUN
 .text.BOARD_InitBootClocks
                0x6000a6b0        0x4 ./board/clock_config.o
                0x6000a6b0                BOARD_InitBootClocks
 .text.BOARD_InitBootPeripherals
                0x6000a6b4       0xd8 ./board/peripherals.o
                0x6000a6b4                BOARD_InitBootPeripherals
 .text.BOARD_InitPins
                0x6000a78c      0x164 ./board/pin_mux.o
                0x6000a78c                BOARD_InitPins
 .text.BOARD_InitBootPins
                0x6000a8f0       0x3c ./board/pin_mux.o
                0x6000a8f0                BOARD_InitBootPins
 .text.arm_sin_f32
                0x6000a92c       0x8c F:\Dropbox\Hardware Development\MCUXpresso\11.0.1\workspace\speakEZ\libs\libarm_cortexM7lfsp_math.a(arm_sin_f32.o)
                0x6000a92c                arm_sin_f32
 .text.arm_cos_f32
                0x6000a9b8       0x94 F:\Dropbox\Hardware Development\MCUXpresso\11.0.1\workspace\speakEZ\libs\libarm_cortexM7lfsp_math.a(arm_cos_f32.o)
                0x6000a9b8                arm_cos_f32
 .text.logf     0x6000aa4c       0xe4 c:/nxp/mcuxpressoide_11.0.1_2563/ide/plugins/com.nxp.mcuxpresso.tools.win32_11.0.1.201907311258/tools/bin/../lib/gcc/arm-none-eabi/8.2.1/../../../../arm-none-eabi/lib/thumb/v7e-m+fp/hard\libcr_c.a(logf.o)
                0x6000aa4c                logf
 .text.sinhf    0x6000ab30      0x120 c:/nxp/mcuxpressoide_11.0.1_2563/ide/plugins/com.nxp.mcuxpresso.tools.win32_11.0.1.201907311258/tools/bin/../lib/gcc/arm-none-eabi/8.2.1/../../../../arm-none-eabi/lib/thumb/v7e-m+fp/hard\libcr_c.a(sinhf.o)
                0x6000ab30                sinhf
 .text.malloc   0x6000ac50       0xc8 c:/nxp/mcuxpressoide_11.0.1_2563/ide/plugins/com.nxp.mcuxpresso.tools.win32_11.0.1.201907311258/tools/bin/../lib/gcc/arm-none-eabi/8.2.1/../../../../arm-none-eabi/lib/thumb/v7e-m+fp/hard\libcr_c.a(alloc.o)
                0x6000ac50                malloc
 .text._Csys_alloc
                0x6000ad18       0x20 c:/nxp/mcuxpressoide_11.0.1_2563/ide/plugins/com.nxp.mcuxpresso.tools.win32_11.0.1.201907311258/tools/bin/../lib/gcc/arm-none-eabi/8.2.1/../../../../arm-none-eabi/lib/thumb/v7e-m+fp/hard\libcr_c.a(alloc.o)
                0x6000ad18                _Csys_alloc
 .text._initio  0x6000ad38       0x78 c:/nxp/mcuxpressoide_11.0.1_2563/ide/plugins/com.nxp.mcuxpresso.tools.win32_11.0.1.201907311258/tools/bin/../lib/gcc/arm-none-eabi/8.2.1/../../../../arm-none-eabi/lib/thumb/v7e-m+fp/hard\libcr_c.a(initio.o)
                0x6000ad38                _initio
 .text.__vfprintf
                0x6000adb0      0xbe0 c:/nxp/mcuxpressoide_11.0.1_2563/ide/plugins/com.nxp.mcuxpresso.tools.win32_11.0.1.201907311258/tools/bin/../lib/gcc/arm-none-eabi/8.2.1/../../../../arm-none-eabi/lib/thumb/v7e-m+fp/hard\libcr_c.a(printf.o)
                0x6000adb0                __vfprintf
 .text._vsnprintf
                0x6000b990       0x68 c:/nxp/mcuxpressoide_11.0.1_2563/ide/plugins/com.nxp.mcuxpresso.tools.win32_11.0.1.201907311258/tools/bin/../lib/gcc/arm-none-eabi/8.2.1/../../../../arm-none-eabi/lib/thumb/v7e-m+fp/hard\libcr_c.a(printf.o)
                0x6000b990                _vsnprintf
 .text._printf  0x6000b9f8       0x54 c:/nxp/mcuxpressoide_11.0.1_2563/ide/plugins/com.nxp.mcuxpresso.tools.win32_11.0.1.201907311258/tools/bin/../lib/gcc/arm-none-eabi/8.2.1/../../../../arm-none-eabi/lib/thumb/v7e-m+fp/hard\libcr_c.a(printf.o)
                0x6000b9f8                _printf
 .text.setvbuf  0x6000ba4c       0x40 c:/nxp/mcuxpressoide_11.0.1_2563/ide/plugins/com.nxp.mcuxpresso.tools.win32_11.0.1.201907311258/tools/bin/../lib/gcc/arm-none-eabi/8.2.1/../../../../arm-none-eabi/lib/thumb/v7e-m+fp/hard\libcr_c.a(setvbuf.o)
                0x6000ba4c                setvbuf
 .text.expf     0x6000ba8c      0x10c c:/nxp/mcuxpressoide_11.0.1_2563/ide/plugins/com.nxp.mcuxpresso.tools.win32_11.0.1.201907311258/tools/bin/../lib/gcc/arm-none-eabi/8.2.1/../../../../arm-none-eabi/lib/thumb/v7e-m+fp/hard\libcr_c.a(expf.o)
                0x6000ba8c                expf
 .text.frexpf   0x6000bb98       0x54 c:/nxp/mcuxpressoide_11.0.1_2563/ide/plugins/com.nxp.mcuxpresso.tools.win32_11.0.1.201907311258/tools/bin/../lib/gcc/arm-none-eabi/8.2.1/../../../../arm-none-eabi/lib/thumb/v7e-m+fp/hard\libcr_c.a(frexpf.o)
                0x6000bb98                frexpf
 .text.ldexpf   0x6000bbec       0x40 c:/nxp/mcuxpressoide_11.0.1_2563/ide/plugins/com.nxp.mcuxpresso.tools.win32_11.0.1.201907311258/tools/bin/../lib/gcc/arm-none-eabi/8.2.1/../../../../arm-none-eabi/lib/thumb/v7e-m+fp/hard\libcr_c.a(ldexpf.o)
                0x6000bbec                ldexpf
 .text._sbrk    0x6000bc2c       0x3c c:/nxp/mcuxpressoide_11.0.1_2563/ide/plugins/com.nxp.mcuxpresso.tools.win32_11.0.1.201907311258/tools/bin/../lib/gcc/arm-none-eabi/8.2.1/../../../../arm-none-eabi/lib/thumb/v7e-m+fp/hard\libcr_c.a(_cr_sbrk.o)
                0x6000bc2c                _sbrk
 .text._Cwritebuf
                0x6000bc68       0x6c c:/nxp/mcuxpressoide_11.0.1_2563/ide/plugins/com.nxp.mcuxpresso.tools.win32_11.0.1.201907311258/tools/bin/../lib/gcc/arm-none-eabi/8.2.1/../../../../arm-none-eabi/lib/thumb/v7e-m+fp/hard\libcr_c.a(_writebuf.o)
                0x6000bc68                _Cwritebuf
 .text.fflush   0x6000bcd4       0x44 c:/nxp/mcuxpressoide_11.0.1_2563/ide/plugins/com.nxp.mcuxpresso.tools.win32_11.0.1.201907311258/tools/bin/../lib/gcc/arm-none-eabi/8.2.1/../../../../arm-none-eabi/lib/thumb/v7e-m+fp/hard\libcr_c.a(fflush.o)
                0x6000bcd4                fflush
 .text.fseek    0x6000bd18      0x100 c:/nxp/mcuxpressoide_11.0.1_2563/ide/plugins/com.nxp.mcuxpresso.tools.win32_11.0.1.201907311258/tools/bin/../lib/gcc/arm-none-eabi/8.2.1/../../../../arm-none-eabi/lib/thumb/v7e-m+fp/hard\libcr_c.a(fseek.o)
                0x6000bd18                fseek
 .text.ftell    0x6000be18       0x48 c:/nxp/mcuxpressoide_11.0.1_2563/ide/plugins/com.nxp.mcuxpresso.tools.win32_11.0.1.201907311258/tools/bin/../lib/gcc/arm-none-eabi/8.2.1/../../../../arm-none-eabi/lib/thumb/v7e-m+fp/hard\libcr_c.a(ftell.o)
                0x6000be18                ftell
 .text.__check_heap_overflow
                0x6000be60       0x18 c:/nxp/mcuxpressoide_11.0.1_2563/ide/plugins/com.nxp.mcuxpresso.tools.win32_11.0.1.201907311258/tools/bin/../lib/gcc/arm-none-eabi/8.2.1/../../../../arm-none-eabi/lib/thumb/v7e-m+fp/hard\libcr_c.a(_cr_check_heap.o)
                0x6000be60                __check_heap_overflow
 .text.__aeabi_dmul
                0x6000be78      0x114 c:/nxp/mcuxpressoide_11.0.1_2563/ide/plugins/com.nxp.mcuxpresso.tools.win32_11.0.1.201907311258/tools/bin/../lib/gcc/arm-none-eabi/8.2.1/thumb/v7e-m+fp/hard\libcr_eabihelpers.a(double.o)
                0x6000be78                __aeabi_dmul
 .text.__aeabi_ddiv
                0x6000bf8c      0x150 c:/nxp/mcuxpressoide_11.0.1_2563/ide/plugins/com.nxp.mcuxpresso.tools.win32_11.0.1.201907311258/tools/bin/../lib/gcc/arm-none-eabi/8.2.1/thumb/v7e-m+fp/hard\libcr_eabihelpers.a(double.o)
                0x6000bf8c                __aeabi_ddiv
 .text.__aeabi_dsub
                0x6000c0dc      0x1ac c:/nxp/mcuxpressoide_11.0.1_2563/ide/plugins/com.nxp.mcuxpresso.tools.win32_11.0.1.201907311258/tools/bin/../lib/gcc/arm-none-eabi/8.2.1/thumb/v7e-m+fp/hard\libcr_eabihelpers.a(double.o)
                0x6000c0dc                __aeabi_dsub
 .text.__aeabi_dadd
                0x6000c288      0x114 c:/nxp/mcuxpressoide_11.0.1_2563/ide/plugins/com.nxp.mcuxpresso.tools.win32_11.0.1.201907311258/tools/bin/../lib/gcc/arm-none-eabi/8.2.1/thumb/v7e-m+fp/hard\libcr_eabihelpers.a(double.o)
                0x6000c288                __aeabi_dadd
 .text.__aeabi_d2f
                0x6000c39c       0x50 c:/nxp/mcuxpressoide_11.0.1_2563/ide/plugins/com.nxp.mcuxpresso.tools.win32_11.0.1.201907311258/tools/bin/../lib/gcc/arm-none-eabi/8.2.1/thumb/v7e-m+fp/hard\libcr_eabihelpers.a(double.o)
                0x6000c39c                __aeabi_d2f
 .text.__aeabi_f2d
                0x6000c3ec       0x38 c:/nxp/mcuxpressoide_11.0.1_2563/ide/plugins/com.nxp.mcuxpresso.tools.win32_11.0.1.201907311258/tools/bin/../lib/gcc/arm-none-eabi/8.2.1/thumb/v7e-m+fp/hard\libcr_eabihelpers.a(float.o)
                0x6000c3ec                __aeabi_f2d
 .text.__sys_appexit
                0x6000c424        0xc c:/nxp/mcuxpressoide_11.0.1_2563/ide/plugins/com.nxp.mcuxpresso.tools.win32_11.0.1.201907311258/tools/bin/../lib/gcc/arm-none-eabi/8.2.1/../../../../arm-none-eabi/lib/thumb/v7e-m+fp/hard\libcr_semihost_nf.a(__sys_appexit.o)
                0x6000c424                __sys_appexit
                0x6000c424                __exit
 .text.__main   0x6000c430        0xe c:/nxp/mcuxpressoide_11.0.1_2563/ide/plugins/com.nxp.mcuxpresso.tools.win32_11.0.1.201907311258/tools/bin/../lib/gcc/arm-none-eabi/8.2.1/../../../../arm-none-eabi/lib/thumb/v7e-m+fp/hard\libcr_semihost_nf.a(_cr__main.o)
                0x6000c430                __CR_SEMIHOST
                0x6000c430                __main
 .text.fabsf    0x6000c43e       0x10 c:/nxp/mcuxpressoide_11.0.1_2563/ide/plugins/com.nxp.mcuxpresso.tools.win32_11.0.1.201907311258/tools/bin/../lib/gcc/arm-none-eabi/8.2.1/../../../../arm-none-eabi/lib/thumb/v7e-m+fp/hard\libcr_c.a(fabsf.o)
                0x6000c43e                fabsf
 .text.memset   0x6000c44e        0x4 c:/nxp/mcuxpressoide_11.0.1_2563/ide/plugins/com.nxp.mcuxpresso.tools.win32_11.0.1.201907311258/tools/bin/../lib/gcc/arm-none-eabi/8.2.1/../../../../arm-none-eabi/lib/thumb/v7e-m+fp/hard\libcr_c.a(memset.o)
                0x6000c44e                memset
 .text.free     0x6000c452       0x30 c:/nxp/mcuxpressoide_11.0.1_2563/ide/plugins/com.nxp.mcuxpresso.tools.win32_11.0.1.201907311258/tools/bin/../lib/gcc/arm-none-eabi/8.2.1/../../../../arm-none-eabi/lib/thumb/v7e-m+fp/hard\libcr_c.a(alloc.o)
                0x6000c452                free
 .text.no_fp_display
                0x6000c482        0x4 c:/nxp/mcuxpressoide_11.0.1_2563/ide/plugins/com.nxp.mcuxpresso.tools.win32_11.0.1.201907311258/tools/bin/../lib/gcc/arm-none-eabi/8.2.1/../../../../arm-none-eabi/lib/thumb/v7e-m+fp/hard\libcr_c.a(printf.o)
 .text.strlen   0x6000c486       0x4c c:/nxp/mcuxpressoide_11.0.1_2563/ide/plugins/com.nxp.mcuxpresso.tools.win32_11.0.1.201907311258/tools/bin/../lib/gcc/arm-none-eabi/8.2.1/../../../../arm-none-eabi/lib/thumb/v7e-m+fp/hard\libcr_c.a(strlen.o)
                0x6000c486                strlen
 .text._deferredlazyseek
                0x6000c4d2       0x40 c:/nxp/mcuxpressoide_11.0.1_2563/ide/plugins/com.nxp.mcuxpresso.tools.win32_11.0.1.201907311258/tools/bin/../lib/gcc/arm-none-eabi/8.2.1/../../../../arm-none-eabi/lib/thumb/v7e-m+fp/hard\libcr_c.a(_deferredlazyseek.o)
                0x6000c4d2                _deferredlazyseek
 .text.__flsbuf
                0x6000c512      0x140 c:/nxp/mcuxpressoide_11.0.1_2563/ide/plugins/com.nxp.mcuxpresso.tools.win32_11.0.1.201907311258/tools/bin/../lib/gcc/arm-none-eabi/8.2.1/../../../../arm-none-eabi/lib/thumb/v7e-m+fp/hard\libcr_c.a(_deferredlazyseek.o)
                0x6000c512                __flsbuf
 .text._fdopen  0x6000c652       0x68 c:/nxp/mcuxpressoide_11.0.1_2563/ide/plugins/com.nxp.mcuxpresso.tools.win32_11.0.1.201907311258/tools/bin/../lib/gcc/arm-none-eabi/8.2.1/../../../../arm-none-eabi/lib/thumb/v7e-m+fp/hard\libcr_c.a(_fdopen.o)
                0x6000c652                _fdopen
 .text._fflush  0x6000c6ba       0x52 c:/nxp/mcuxpressoide_11.0.1_2563/ide/plugins/com.nxp.mcuxpresso.tools.win32_11.0.1.201907311258/tools/bin/../lib/gcc/arm-none-eabi/8.2.1/../../../../arm-none-eabi/lib/thumb/v7e-m+fp/hard\libcr_c.a(_fflush.o)
                0x6000c6ba                _fflush
 .text.fclose   0x6000c70c       0x58 c:/nxp/mcuxpressoide_11.0.1_2563/ide/plugins/com.nxp.mcuxpresso.tools.win32_11.0.1.201907311258/tools/bin/../lib/gcc/arm-none-eabi/8.2.1/../../../../arm-none-eabi/lib/thumb/v7e-m+fp/hard\libcr_c.a(fclose.o)
                0x6000c70c                fclose
 .text.remove   0x6000c764       0x14 c:/nxp/mcuxpressoide_11.0.1_2563/ide/plugins/com.nxp.mcuxpresso.tools.win32_11.0.1.201907311258/tools/bin/../lib/gcc/arm-none-eabi/8.2.1/../../../../arm-none-eabi/lib/thumb/v7e-m+fp/hard\libcr_c.a(remove.o)
                0x6000c764                remove
 .text._do_fflush
                0x6000c778       0x40 c:/nxp/mcuxpressoide_11.0.1_2563/ide/plugins/com.nxp.mcuxpresso.tools.win32_11.0.1.201907311258/tools/bin/../lib/gcc/arm-none-eabi/8.2.1/../../../../arm-none-eabi/lib/thumb/v7e-m+fp/hard\libcr_c.a(_do_fflush.o)
                0x6000c778                _do_fflush
 .text.__aeabi_division_uldivmod
                0x6000c7b8      0x174 c:/nxp/mcuxpressoide_11.0.1_2563/ide/plugins/com.nxp.mcuxpresso.tools.win32_11.0.1.201907311258/tools/bin/../lib/gcc/arm-none-eabi/8.2.1/thumb/v7e-m+fp/hard\libcr_eabihelpers.a(division_64.o)
                0x6000c7b8                __aeabi_uldivmod
                0x6000c7bc                __bhs_ldivmod1
 .text.__aeabi_division_idiv0
                0x6000c92c        0x2 c:/nxp/mcuxpressoide_11.0.1_2563/ide/plugins/com.nxp.mcuxpresso.tools.win32_11.0.1.201907311258/tools/bin/../lib/gcc/arm-none-eabi/8.2.1/thumb/v7e-m+fp/hard\libcr_eabihelpers.a(division_idiv0.o)
                0x6000c92c                __aeabi_idiv0
 .text.__aeabi_d2iz
                0x6000c92e       0x40 c:/nxp/mcuxpressoide_11.0.1_2563/ide/plugins/com.nxp.mcuxpresso.tools.win32_11.0.1.201907311258/tools/bin/../lib/gcc/arm-none-eabi/8.2.1/thumb/v7e-m+fp/hard\libcr_eabihelpers.a(double.o)
                0x6000c92e                __aeabi_d2iz
 .text.__bhs_ui2d
                0x6000c96e       0x46 c:/nxp/mcuxpressoide_11.0.1_2563/ide/plugins/com.nxp.mcuxpresso.tools.win32_11.0.1.201907311258/tools/bin/../lib/gcc/arm-none-eabi/8.2.1/thumb/v7e-m+fp/hard\libcr_eabihelpers.a(double.o)
                0x6000c96e                __bhs_ui2d
 .text.__aeabi_ui2d
                0x6000c9b4        0x8 c:/nxp/mcuxpressoide_11.0.1_2563/ide/plugins/com.nxp.mcuxpresso.tools.win32_11.0.1.201907311258/tools/bin/../lib/gcc/arm-none-eabi/8.2.1/thumb/v7e-m+fp/hard\libcr_eabihelpers.a(double.o)
                0x6000c9b4                __aeabi_ui2d
 .text.__aeabi_dcmple
                0x6000c9bc       0x56 c:/nxp/mcuxpressoide_11.0.1_2563/ide/plugins/com.nxp.mcuxpresso.tools.win32_11.0.1.201907311258/tools/bin/../lib/gcc/arm-none-eabi/8.2.1/thumb/v7e-m+fp/hard\libcr_eabihelpers.a(double.o)
                0x6000c9bc                __aeabi_dcmple
 .text.__aeabi_dcmpge
                0x6000ca12       0x5c c:/nxp/mcuxpressoide_11.0.1_2563/ide/plugins/com.nxp.mcuxpresso.tools.win32_11.0.1.201907311258/tools/bin/../lib/gcc/arm-none-eabi/8.2.1/thumb/v7e-m+fp/hard\libcr_eabihelpers.a(double.o)
                0x6000ca12                __aeabi_dcmpge
 .text.__aeabi_memset_lowlevel
                0x6000ca6e       0x32 c:/nxp/mcuxpressoide_11.0.1_2563/ide/plugins/com.nxp.mcuxpresso.tools.win32_11.0.1.201907311258/tools/bin/../lib/gcc/arm-none-eabi/8.2.1/thumb/v7e-m+fp/hard\libcr_eabihelpers.a(memcpy.o)
                0x6000ca6e                __aeabi_lowlevel_memset
 .text.__sys_close
                0x6000caa0        0xc c:/nxp/mcuxpressoide_11.0.1_2563/ide/plugins/com.nxp.mcuxpresso.tools.win32_11.0.1.201907311258/tools/bin/../lib/gcc/arm-none-eabi/8.2.1/../../../../arm-none-eabi/lib/thumb/v7e-m+fp/hard\libcr_semihost_nf.a(__sys_close.o)
                0x6000caa0                __sys_close
 .text.__sys_flen
                0x6000caac        0xc c:/nxp/mcuxpressoide_11.0.1_2563/ide/plugins/com.nxp.mcuxpresso.tools.win32_11.0.1.201907311258/tools/bin/../lib/gcc/arm-none-eabi/8.2.1/../../../../arm-none-eabi/lib/thumb/v7e-m+fp/hard\libcr_semihost_nf.a(__sys_flen.o)
                0x6000caac                __sys_flen
 .text.__sys_istty
                0x6000cab8        0xc c:/nxp/mcuxpressoide_11.0.1_2563/ide/plugins/com.nxp.mcuxpresso.tools.win32_11.0.1.201907311258/tools/bin/../lib/gcc/arm-none-eabi/8.2.1/../../../../arm-none-eabi/lib/thumb/v7e-m+fp/hard\libcr_semihost_nf.a(__sys_istty.o)
                0x6000cab8                __sys_istty
 .text.__sys_remove
                0x6000cac4        0xc c:/nxp/mcuxpressoide_11.0.1_2563/ide/plugins/com.nxp.mcuxpresso.tools.win32_11.0.1.201907311258/tools/bin/../lib/gcc/arm-none-eabi/8.2.1/../../../../arm-none-eabi/lib/thumb/v7e-m+fp/hard\libcr_semihost_nf.a(__sys_remove.o)
                0x6000cac4                __sys_remove
 .text.__sys_seek
                0x6000cad0        0xc c:/nxp/mcuxpressoide_11.0.1_2563/ide/plugins/com.nxp.mcuxpresso.tools.win32_11.0.1.201907311258/tools/bin/../lib/gcc/arm-none-eabi/8.2.1/../../../../arm-none-eabi/lib/thumb/v7e-m+fp/hard\libcr_semihost_nf.a(__sys_seek.o)
                0x6000cad0                __sys_seek
 .text.__sys_tmpnam
                0x6000cadc        0xc c:/nxp/mcuxpressoide_11.0.1_2563/ide/plugins/com.nxp.mcuxpresso.tools.win32_11.0.1.201907311258/tools/bin/../lib/gcc/arm-none-eabi/8.2.1/../../../../arm-none-eabi/lib/thumb/v7e-m+fp/hard\libcr_semihost_nf.a(__sys_tmpnam.o)
                0x6000cadc                __sys_tmpnam
 .text.__sys_write
                0x6000cae8        0xc c:/nxp/mcuxpressoide_11.0.1_2563/ide/plugins/com.nxp.mcuxpresso.tools.win32_11.0.1.201907311258/tools/bin/../lib/gcc/arm-none-eabi/8.2.1/../../../../arm-none-eabi/lib/thumb/v7e-m+fp/hard\libcr_semihost_nf.a(__sys_write.o)
                0x6000cae8                __sys_write
 *(SORT_BY_ALIGNMENT(.rodata) SORT_BY_ALIGNMENT(.rodata.*) SORT_BY_ALIGNMENT(.constdata) SORT_BY_ALIGNMENT(.constdata.*))
 *fill*         0x6000caf4        0x4 ff
 .rodata.a1.5286
                0x6000caf8       0x88 c:/nxp/mcuxpressoide_11.0.1_2563/ide/plugins/com.nxp.mcuxpresso.tools.win32_11.0.1.201907311258/tools/bin/../lib/gcc/arm-none-eabi/8.2.1/../../../../arm-none-eabi/lib/thumb/v7e-m+fp/hard\libcr_c.a(powf.o)
 .rodata.USB_HostAttachDevice.str1.4
                0x6000cb80       0x16 ./usb/host/usb_host_devices.o
 *fill*         0x6000cb96        0x2 ff
 .rodata.s_EnumEntries
                0x6000cb98       0x38 ./usb/host/usb_host_devices.o
 .rodata.s_SlotMaxBandwidth
                0x6000cbd0        0x8 ./usb/host/usb_host_ehci.o
 .rodata.s_SlotMaxBandwidthHs
                0x6000cbd8        0x8 ./usb/host/usb_host_ehci.o
 .rodata.s_EhciInterface
                0x6000cbe0       0x1c ./usb/host/usb_host_hci.o
 .rodata.USB_HostApplicationInit.str1.4
                0x6000cbfc       0x29 ./source/speakEZ.o
 *fill*         0x6000cc25        0x3 ff
 .rodata.USB_HostEvent.str1.4
                0x6000cc28       0x3f ./source/speakEZ.o
 *fill*         0x6000cc67        0x1 ff
 .rodata.bandpassBiquadF0
                0x6000cc68       0x48 ./source/speakEZ.o
                0x6000cc68                bandpassBiquadF0
 .rodata.demoChords
                0x6000ccb0       0xe0 ./source/speakEZ.o
                0x6000ccb0                demoChords
 .rodata.main.str1.4
                0x6000cd90       0x8a ./source/speakEZ.o
 *fill*         0x6000ce1a        0x2 ff
 .rodata.writeToWM8960.str1.4
                0x6000ce1c       0xf2 ./source/speakEZ.o
 *fill*         0x6000cf0e        0x2 ff
 .rodata        0x6000cf10        0x3 ./source/usbmidi.o
 *fill*         0x6000cf13        0x1 ff
 .rodata.USB_HostMidiEvent.str1.4
                0x6000cf14      0x1c4 ./source/usbmidi.o
 .rodata.USB_HostMidiTask.str1.4
                0x6000d0d8      0x10b ./source/usbmidi.o
 *fill*         0x6000d1e3        0x1 ff
 .rodata.__func__.9762
                0x6000d1e4       0x14 ./source/usbmidi.o
 .rodata.midiControlCallback.str1.4
                0x6000d1f8       0x82 ./source/usbmidi.o
 *fill*         0x6000d27a        0x2 ff
 .rodata.midiInterruptRecvCallback.str1.4
                0x6000d27c       0x28 ./source/usbmidi.o
                                 0x26 (size before relaxing)
 .rodata.s_gpioClock
                0x6000d2a4        0xc ./drivers/fsl_gpio.o
 .rodata.s_LpuartAdapterBase
                0x6000d2b0       0x14 ./component/uart/lpuart_adapter.o
 .rodata.enetPllConfig_BOARD_BootClockRUN
                0x6000d2c4        0x5 ./board/clock_config.o
                0x6000d2c4                enetPllConfig_BOARD_BootClockRUN
 *fill*         0x6000d2c9        0x3 ff
 .rodata.sysPllConfig_BOARD_BootClockRUN
                0x6000d2cc       0x14 ./board/clock_config.o
                0x6000d2cc                sysPllConfig_BOARD_BootClockRUN
 .rodata.I2C_masterConfig
                0x6000d2e0       0x1c ./board/peripherals.o
                0x6000d2e0                I2C_masterConfig
 .rodata.LPUART_1_config
                0x6000d2fc       0x14 ./board/peripherals.o
                0x6000d2fc                LPUART_1_config
 .rodata.PIT_1_config
                0x6000d310        0x1 ./board/peripherals.o
                0x6000d310                PIT_1_config
 *fill*         0x6000d311        0x3 ff
 .rodata.sinTable_f32
                0x6000d314      0x804 F:\Dropbox\Hardware Development\MCUXpresso\11.0.1\workspace\speakEZ\libs\libarm_cortexM7lfsp_math.a(arm_common_tables.o)
                0x6000d314                sinTable_f32
 .rodata.__num_Ciob_streams
                0x6000db18        0x4 c:/nxp/mcuxpressoide_11.0.1_2563/ide/plugins/com.nxp.mcuxpresso.tools.win32_11.0.1.201907311258/tools/bin/../lib/gcc/arm-none-eabi/8.2.1/../../../../arm-none-eabi/lib/thumb/v7e-m+fp/hard\libcr_semihost_nf.a(__ciob.o)
                0x6000db18                __num_Ciob_streams
 .rodata._Csys_alloc.str1.1
                0x6000db1c       0x18 c:/nxp/mcuxpressoide_11.0.1_2563/ide/plugins/com.nxp.mcuxpresso.tools.win32_11.0.1.201907311258/tools/bin/../lib/gcc/arm-none-eabi/8.2.1/../../../../arm-none-eabi/lib/thumb/v7e-m+fp/hard\libcr_c.a(alloc.o)
 .rodata._initio.str1.1
                0x6000db34        0x4 c:/nxp/mcuxpressoide_11.0.1_2563/ide/plugins/com.nxp.mcuxpresso.tools.win32_11.0.1.201907311258/tools/bin/../lib/gcc/arm-none-eabi/8.2.1/../../../../arm-none-eabi/lib/thumb/v7e-m+fp/hard\libcr_c.a(initio.o)
 .rodata.__vfprintf.str1.1
                0x6000db38       0x37 c:/nxp/mcuxpressoide_11.0.1_2563/ide/plugins/com.nxp.mcuxpresso.tools.win32_11.0.1.201907311258/tools/bin/../lib/gcc/arm-none-eabi/8.2.1/../../../../arm-none-eabi/lib/thumb/v7e-m+fp/hard\libcr_c.a(printf.o)
                                 0x38 (size before relaxing)
                0x6000db70                . = ALIGN (0x4)
 *fill*         0x6000db6f        0x1 ff

.glue_7         0x6000db70        0x0
 .glue_7        0x6000db70        0x0 linker stubs

.glue_7t        0x6000db70        0x0
 .glue_7t       0x6000db70        0x0 linker stubs

.vfp11_veneer   0x6000db70        0x0
 .vfp11_veneer  0x6000db70        0x0 linker stubs

.v4_bx          0x6000db70        0x0
 .v4_bx         0x6000db70        0x0 linker stubs

.iplt           0x6000db70        0x0
 .iplt          0x6000db70        0x0 ./xip/evkmimxrt1010_flexspi_nor_config.o

.rel.dyn        0x6000db70        0x0
 .rel.iplt      0x6000db70        0x0 ./xip/evkmimxrt1010_flexspi_nor_config.o

.ARM.extab
 *(SORT_BY_ALIGNMENT(.ARM.extab*) SORT_BY_ALIGNMENT(.gnu.linkonce.armextab.*))
                0x6000db70                __exidx_start = .

.ARM.exidx
 *(SORT_BY_ALIGNMENT(.ARM.exidx*) SORT_BY_ALIGNMENT(.gnu.linkonce.armexidx.*))
                0x6000db70                __exidx_end = .
                0x6000db70                _etext = .

.data_RAM2      0x00000000        0x0 load address 0x6000db70
 FILL mask 0xff
                [!provide]                PROVIDE (__start_data_RAM2 = .)
 *(SORT_BY_ALIGNMENT(.ramfunc.$RAM2))
 *(SORT_BY_ALIGNMENT(.ramfunc.$SRAM_ITC))
 *(SORT_BY_ALIGNMENT(.data.$RAM2))
 *(SORT_BY_ALIGNMENT(.data.$SRAM_ITC))
 *(SORT_BY_ALIGNMENT(.data.$RAM2.*))
 *(SORT_BY_ALIGNMENT(.data.$SRAM_ITC.*))
                0x00000000                . = ALIGN (0x4)
                [!provide]                PROVIDE (__end_data_RAM2 = .)

.data_RAM3      0x20200000        0x0 load address 0x6000db70
 FILL mask 0xff
                [!provide]                PROVIDE (__start_data_RAM3 = .)
 *(SORT_BY_ALIGNMENT(.ramfunc.$RAM3))
 *(SORT_BY_ALIGNMENT(.ramfunc.$SRAM_OC))
 *(SORT_BY_ALIGNMENT(.data.$RAM3))
 *(SORT_BY_ALIGNMENT(.data.$SRAM_OC))
 *(SORT_BY_ALIGNMENT(.data.$RAM3.*))
 *(SORT_BY_ALIGNMENT(.data.$SRAM_OC.*))
                0x20200000                . = ALIGN (0x4)
                [!provide]                PROVIDE (__end_data_RAM3 = .)

.data_RAM4      0x20208000        0x0 load address 0x6000db70
 FILL mask 0xff
                [!provide]                PROVIDE (__start_data_RAM4 = .)
 *(SORT_BY_ALIGNMENT(.ramfunc.$RAM4))
 *(SORT_BY_ALIGNMENT(.ramfunc.$NCACHE_REGION))
 *(SORT_BY_ALIGNMENT(.data.$RAM4))
 *(SORT_BY_ALIGNMENT(.data.$NCACHE_REGION))
 *(SORT_BY_ALIGNMENT(.data.$RAM4.*))
 *(SORT_BY_ALIGNMENT(.data.$NCACHE_REGION.*))
                0x20208000                . = ALIGN (0x4)
                [!provide]                PROVIDE (__end_data_RAM4 = .)

.uninit_RESERVED
                0x20000000        0x0
                0x20000000                . = ALIGN (0x4)
 *(SORT_BY_ALIGNMENT(.bss.$RESERVED*))
                0x20000000                . = ALIGN (0x4)
                0x20000000                _end_uninit_RESERVED = .

.data           0x20000000       0xd8 load address 0x6000db70
 FILL mask 0xff
                0x20000000                _data = .
 *(SORT_BY_ALIGNMENT(vtable))
 *(SORT_BY_ALIGNMENT(.ramfunc*))
 *(SORT_BY_ALIGNMENT(CodeQuickAccess))
 *(SORT_BY_ALIGNMENT(DataQuickAccess))
 *(SORT_BY_ALIGNMENT(RamFunction))
 *(SORT_BY_ALIGNMENT(.data*))
 .data.analysisBiquadBWs
                0x20000000       0x48 ./source/speakEZ.o
                0x20000000                analysisBiquadBWs
 .data.envelopeFollowerQ
                0x20000048        0x4 ./source/speakEZ.o
                0x20000048                envelopeFollowerQ
 .data.lowpassBiquadQ
                0x2000004c        0x4 ./source/speakEZ.o
                0x2000004c                lowpassBiquadQ
 .data.shapingBiquadBWs
                0x20000050       0x48 ./source/speakEZ.o
                0x20000050                shapingBiquadBWs
 .data.sibilanceBiquadQ
                0x20000098        0x4 ./source/speakEZ.o
                0x20000098                sibilanceBiquadQ
 .data.SystemCoreClock
                0x2000009c        0x4 ./device/system_MIMXRT1011.o
                0x2000009c                SystemCoreClock
 .data.SAI_1_Rx_config
                0x200000a0       0x1c ./board/peripherals.o
                0x200000a0                SAI_1_Rx_config
 .data.SAI_1_Tx_config
                0x200000bc       0x1c ./board/peripherals.o
                0x200000bc                SAI_1_Tx_config
                0x200000d8                . = ALIGN (0x4)
                0x200000d8                _edata = .

.igot.plt       0x200000d8        0x0 load address 0x6000dc48
 .igot.plt      0x200000d8        0x0 ./xip/evkmimxrt1010_flexspi_nor_config.o

.bss_RAM2       0x00000000        0x0
                0x00000000                . = ALIGN (0x4)
                [!provide]                PROVIDE (__start_bss_RAM2 = .)
 *(SORT_BY_ALIGNMENT(.bss.$RAM2))
 *(SORT_BY_ALIGNMENT(.bss.$SRAM_ITC))
 *(SORT_BY_ALIGNMENT(.bss.$RAM2.*))
 *(SORT_BY_ALIGNMENT(.bss.$SRAM_ITC.*))
                0x00000000                . = ALIGN ((. != 0x0)?0x4:0x1)
                [!provide]                PROVIDE (__end_bss_RAM2 = .)

.bss_RAM3       0x20200000        0x0
                0x20200000                . = ALIGN (0x4)
                [!provide]                PROVIDE (__start_bss_RAM3 = .)
 *(SORT_BY_ALIGNMENT(.bss.$RAM3))
 *(SORT_BY_ALIGNMENT(.bss.$SRAM_OC))
 *(SORT_BY_ALIGNMENT(.bss.$RAM3.*))
 *(SORT_BY_ALIGNMENT(.bss.$SRAM_OC.*))
                0x20200000                . = ALIGN ((. != 0x0)?0x4:0x1)
                [!provide]                PROVIDE (__end_bss_RAM3 = .)

.bss_RAM4       0x20208000        0x0
                0x20208000                . = ALIGN (0x4)
                [!provide]                PROVIDE (__start_bss_RAM4 = .)
 *(SORT_BY_ALIGNMENT(.bss.$RAM4))
 *(SORT_BY_ALIGNMENT(.bss.$NCACHE_REGION))
 *(SORT_BY_ALIGNMENT(.bss.$RAM4.*))
 *(SORT_BY_ALIGNMENT(.bss.$NCACHE_REGION.*))
                0x20208000                . = ALIGN ((. != 0x0)?0x4:0x1)
                [!provide]                PROVIDE (__end_bss_RAM4 = .)

.bss            0x20001000     0x3fd0
                0x20001000                . = ALIGN (0x4)
                0x20001000                _bss = .
 *(SORT_BY_ALIGNMENT(.bss*))
 .bss.s_UsbHostEhciFrameList1
                0x20001000     0x1000 ./usb/host/usb_host_ehci.o
 .bss.s_UsbHostEhciData1
                0x20002000      0x5c0 ./usb/host/usb_host_ehci.o
 .bss.outputAudioBuffer
                0x200025c0        0x8 ./source/speakEZ.o
                0x200025c0                outputAudioBuffer
 .bss.g_serialHandle
                0x200025c8        0x4 ./utilities/fsl_debug_console.o
                0x200025c8                g_serialHandle
 .bss.s_debugConsoleState
                0x200025cc       0x1c ./utilities/fsl_debug_console.o
 .bss.interruptStatus.9801
                0x200025e8        0x4 ./usb/host/usb_host_ehci.o
 .bss.usbHostEhciFramListStatus
                0x200025ec        0x1 ./usb/host/usb_host_ehci.o
 *fill*         0x200025ed        0x3 
 .bss.g_UsbHostInstance
                0x200025f0      0x2ec ./usb/host/usb_host_hci.o
                0x200025f0                g_UsbHostInstance
 .bss.s_Setupbuffer
                0x200028dc       0x80 ./usb/host/usb_host_hci.o
 .bss.SAI1_rxAudio
                0x2000295c        0x8 ./source/speakEZ.o
                0x2000295c                SAI1_rxAudio
 .bss.SAI1_txAudio
                0x20002964        0x8 ./source/speakEZ.o
                0x20002964                SAI1_txAudio
 .bss.analysisBiquadAbs
                0x2000296c       0x48 ./source/speakEZ.o
                0x2000296c                analysisBiquadAbs
 .bss.analysisBiquadInputs
                0x200029b4        0x8 ./source/speakEZ.o
                0x200029b4                analysisBiquadInputs
 .bss.analysisBiquadOutputs
                0x200029bc       0xd8 ./source/speakEZ.o
                0x200029bc                analysisBiquadOutputs
 .bss.envelopeFollowerInputs
                0x20002a94       0x90 ./source/speakEZ.o
                0x20002a94                envelopeFollowerInputs
 .bss.envelopeFollowerOutputs
                0x20002b24       0xd8 ./source/speakEZ.o
                0x20002b24                envelopeFollowerOutputs
 .bss.g_activeDemoChord
                0x20002bfc        0x4 ./source/speakEZ.o
                0x20002bfc                g_activeDemoChord
 .bss.g_activeWavetable
                0x20002c00        0x4 ./source/speakEZ.o
                0x20002c00                g_activeWavetable
 .bss.g_demoMidiEventPacket
                0x20002c04        0x4 ./source/speakEZ.o
                0x20002c04                g_demoMidiEventPacket
 .bss.g_demoMidiEventPipeInit
                0x20002c08       0x10 ./source/speakEZ.o
                0x20002c08                g_demoMidiEventPipeInit
 .bss.g_demoMidiInstance
                0x20002c18       0x68 ./source/speakEZ.o
                0x20002c18                g_demoMidiInstance
 .bss.g_demoUSBHostHandle
                0x20002c80        0x4 ./source/speakEZ.o
                0x20002c80                g_demoUSBHostHandle
 .bss.g_sw4Debounce
                0x20002c84        0x4 ./source/speakEZ.o
                0x20002c84                g_sw4Debounce
 .bss.inputAudioBuffer
                0x20002c88        0x8 ./source/speakEZ.o
                0x20002c88                inputAudioBuffer
 .bss.lowpassBiquadInputs
                0x20002c90        0x8 ./source/speakEZ.o
                0x20002c90                lowpassBiquadInputs
 .bss.lowpassBiquadOutputs
                0x20002c98        0x8 ./source/speakEZ.o
                0x20002c98                lowpassBiquadOutputs
 .bss.shapingBiquadInputs
                0x20002ca0        0x8 ./source/speakEZ.o
                0x20002ca0                shapingBiquadInputs
 .bss.shapingBiquadOutputs
                0x20002ca8       0xd8 ./source/speakEZ.o
                0x20002ca8                shapingBiquadOutputs
 .bss.sibilanceBiquadInputs
                0x20002d80        0x8 ./source/speakEZ.o
                0x20002d80                sibilanceBiquadInputs
 .bss.sibilanceBiquadOutputs
                0x20002d88        0x8 ./source/speakEZ.o
                0x20002d88                sibilanceBiquadOutputs
 .bss.wavetableNovel
                0x20002d90      0x800 ./source/speakEZ.o
                0x20002d90                wavetableNovel
 .bss.wavetableSaw
                0x20003590      0x800 ./source/speakEZ.o
                0x20003590                wavetableSaw
 .bss.wavetableSine
                0x20003d90      0x800 ./source/speakEZ.o
                0x20003d90                wavetableSine
 .bss.wavetableTri
                0x20004590      0x800 ./source/speakEZ.o
                0x20004590                wavetableTri
 .bss.m_usb_global
                0x20004d90       0xd0 ./osa/usb_osa_bm.o
 .bss.g_rtcXtalFreq
                0x20004e60        0x4 ./drivers/fsl_clock.o
                0x20004e60                g_rtcXtalFreq
 .bss.g_xtalFreq
                0x20004e64        0x4 ./drivers/fsl_clock.o
                0x20004e64                g_xtalFreq
 .bss.s_EDMAHandle
                0x20004e68       0x40 ./drivers/fsl_edma.o
 .bss.s_lpi2cMasterHandle
                0x20004ea8        0xc ./drivers/fsl_lpi2c.o
 .bss.s_lpi2cMasterIsr
                0x20004eb4        0x4 ./drivers/fsl_lpi2c.o
 .bss.s_lpi2cSlaveHandle
                0x20004eb8        0xc ./drivers/fsl_lpi2c.o
 .bss.s_lpi2cSlaveIsr
                0x20004ec4        0x4 ./drivers/fsl_lpi2c.o
 .bss.s_lpuartHandle
                0x20004ec8       0x14 ./drivers/fsl_lpuart.o
 .bss.s_lpuartIsr
                0x20004edc        0x4 ./drivers/fsl_lpuart.o
 .bss.s_saiHandle
                0x20004ee0       0x20 ./drivers/fsl_sai.o
 .bss.s_saiRxIsr
                0x20004f00        0x4 ./drivers/fsl_sai.o
 .bss.s_saiTxIsr
                0x20004f04        0x4 ./drivers/fsl_sai.o
 .bss.I2C_masterBuffer
                0x20004f08        0x2 ./board/peripherals.o
                0x20004f08                I2C_masterBuffer
 *fill*         0x20004f0a        0x2 
 .bss.errno     0x20004f0c        0x4 c:/nxp/mcuxpressoide_11.0.1_2563/ide/plugins/com.nxp.mcuxpresso.tools.win32_11.0.1.201907311258/tools/bin/../lib/gcc/arm-none-eabi/8.2.1/../../../../arm-none-eabi/lib/thumb/v7e-m+fp/hard\libcr_c.a(errno.o)
                0x20004f0c                errno
 .bss.__end_of_heap
                0x20004f10        0x4 c:/nxp/mcuxpressoide_11.0.1_2563/ide/plugins/com.nxp.mcuxpresso.tools.win32_11.0.1.201907311258/tools/bin/../lib/gcc/arm-none-eabi/8.2.1/../../../../arm-none-eabi/lib/thumb/v7e-m+fp/hard\libcr_c.a(__init_alloc.o)
                0x20004f10                __end_of_heap
 .bss.__heaps   0x20004f14        0x4 c:/nxp/mcuxpressoide_11.0.1_2563/ide/plugins/com.nxp.mcuxpresso.tools.win32_11.0.1.201907311258/tools/bin/../lib/gcc/arm-none-eabi/8.2.1/../../../../arm-none-eabi/lib/thumb/v7e-m+fp/hard\libcr_c.a(__init_alloc.o)
                0x20004f14                __heaps
 .bss.__Ciob    0x20004f18       0xb4 c:/nxp/mcuxpressoide_11.0.1_2563/ide/plugins/com.nxp.mcuxpresso.tools.win32_11.0.1.201907311258/tools/bin/../lib/gcc/arm-none-eabi/8.2.1/../../../../arm-none-eabi/lib/thumb/v7e-m+fp/hard\libcr_semihost_nf.a(__ciob.o)
                0x20004f18                __Ciob
 .bss.SAI_RequestSynthUpdate
                0x20004fcc        0x1 ./source/speakEZ.o
                0x20004fcc                SAI_RequestSynthUpdate
 .bss.g_demoMidiPacketRecvFlag
                0x20004fcd        0x1 ./source/speakEZ.o
                0x20004fcd                g_demoMidiPacketRecvFlag
 .bss.g_sw4Pressed
                0x20004fce        0x1 ./source/speakEZ.o
                0x20004fce                g_sw4Pressed
 *(SORT_BY_ALIGNMENT(COMMON))
                0x20004fd0                . = ALIGN (0x4)
 *fill*         0x20004fcf        0x1 
                0x20004fd0                _ebss = .
                [!provide]                PROVIDE (end = .)

.noinit_RAM2    0x00000000        0x0
                0x00000000                . = ALIGN (0x4)
 *(SORT_BY_ALIGNMENT(.noinit.$RAM2))
 *(SORT_BY_ALIGNMENT(.noinit.$SRAM_ITC))
 *(SORT_BY_ALIGNMENT(.noinit.$RAM2.*))
 *(SORT_BY_ALIGNMENT(.noinit.$SRAM_ITC.*))
                0x00000000                . = ALIGN (0x4)

.noinit_RAM3    0x20200000        0x0
                0x20200000                . = ALIGN (0x4)
 *(SORT_BY_ALIGNMENT(.noinit.$RAM3))
 *(SORT_BY_ALIGNMENT(.noinit.$SRAM_OC))
 *(SORT_BY_ALIGNMENT(.noinit.$RAM3.*))
 *(SORT_BY_ALIGNMENT(.noinit.$SRAM_OC.*))
                0x20200000                . = ALIGN (0x4)

.noinit_RAM4    0x20208000        0x0
                0x20208000                . = ALIGN (0x4)
 *(SORT_BY_ALIGNMENT(.noinit.$RAM4))
 *(SORT_BY_ALIGNMENT(.noinit.$NCACHE_REGION))
 *(SORT_BY_ALIGNMENT(.noinit.$RAM4.*))
 *(SORT_BY_ALIGNMENT(.noinit.$NCACHE_REGION.*))
                0x20208000                . = ALIGN (0x4)

.noinit         0x20004fd0        0x0
                0x20004fd0                . = ALIGN (0x4)
                0x20004fd0                _noinit = .
 *(SORT_BY_ALIGNMENT(.noinit*))
                0x20004fd0                . = ALIGN (0x4)
                0x20004fd0                _end_noinit = .
                0x00000800                _HeapSize = 0x800

.heap           0x20004fd0      0x800
                0x20004fd0                _pvHeapStart = .
                0x200057d0                . = (. + _HeapSize)
 *fill*         0x20004fd0      0x800 
                0x200057d0                . = ALIGN (0x4)
                0x200057d0                _pvHeapLimit = .
                0x00000800                _StackSize = 0x800

.heap2stackfill
                0x200057d0      0x800
                0x20005fd0                . = (. + _StackSize)
 *fill*         0x200057d0      0x800 

.stack          0x20007800        0x0
                0x20007800                _vStackBase = .
                0x20007800                . = ALIGN (0x4)
                0x20008000                _vStackTop = (. + _StackSize)
                0x60002000                _image_start = LOADADDR (.text)
                0x6000dc48                _image_end = (LOADADDR (.data) + SIZEOF (.data))
                0x0000bc48                _image_size = (_image_end - _image_start)
OUTPUT(speakEZ.axf elf32-littlearm)

.debug_info     0x00000000    0x3bbb5
 .debug_info    0x00000000      0x7de ./xip/evkmimxrt1010_flexspi_nor_config.o
 .debug_info    0x000007de      0x5c7 ./xip/fsl_flexspi_nor_boot.o
 .debug_info    0x00000da5      0xb7f ./utilities/fsl_debug_console.o
 .debug_info    0x00001924      0xa46 ./usb/phy/usb_phy.o
 .debug_info    0x0000236a     0x25f8 ./usb/host/class/usb_host_cdc.o
 .debug_info    0x00004962     0x283c ./usb/host/usb_host_devices.o
 .debug_info    0x0000719e     0x42eb ./usb/host/usb_host_ehci.o
 .debug_info    0x0000b489     0x18ce ./usb/host/usb_host_framework.o
 .debug_info    0x0000cd57     0x1c9a ./usb/host/usb_host_hci.o
 .debug_info    0x0000e9f1      0xcaf ./startup/startup_mimxrt1011.o
 .debug_info    0x0000f6a0       0x38 ./source/semihost_hardfault.o
 .debug_info    0x0000f6d8     0x5361 ./source/speakEZ.o
 .debug_info    0x00014a39     0x1fec ./source/usbmidi.o
 .debug_info    0x00016a25     0x254b ./osa/usb_osa_bm.o
 .debug_info    0x00018f70     0x359b ./drivers/fsl_clock.o
 .debug_info    0x0001c50b     0x331a ./drivers/fsl_edma.o
 .debug_info    0x0001f825      0xd5d ./drivers/fsl_gpio.o
 .debug_info    0x00020582     0x4a1a ./drivers/fsl_lpi2c.o
 .debug_info    0x00024f9c     0x2b30 ./drivers/fsl_lpuart.o
 .debug_info    0x00027acc      0x8f4 ./drivers/fsl_pit.o
 .debug_info    0x000283c0     0x4a75 ./drivers/fsl_sai.o
 .debug_info    0x0002ce35      0xcf3 ./device/system_MIMXRT1011.o
 .debug_info    0x0002db28      0xaf1 ./component/uart/lpuart_adapter.o
 .debug_info    0x0002e619      0xf24 ./component/serial_manager/serial_manager.o
 .debug_info    0x0002f53d      0x5db ./component/serial_manager/serial_port_uart.o
 .debug_info    0x0002fb18     0x168f ./board/board.o
 .debug_info    0x000311a7     0x2b4d ./board/clock_config.o
 .debug_info    0x00033cf4     0x26f1 ./board/peripherals.o
 .debug_info    0x000363e5     0x1ca1 ./board/pin_mux.o
 .debug_info    0x00038086     0x12d5 F:\Dropbox\Hardware Development\MCUXpresso\11.0.1\workspace\speakEZ\libs\libarm_cortexM7lfsp_math.a(arm_sin_f32.o)
 .debug_info    0x0003935b     0x12d5 F:\Dropbox\Hardware Development\MCUXpresso\11.0.1\workspace\speakEZ\libs\libarm_cortexM7lfsp_math.a(arm_cos_f32.o)
 .debug_info    0x0003a630     0x1585 F:\Dropbox\Hardware Development\MCUXpresso\11.0.1\workspace\speakEZ\libs\libarm_cortexM7lfsp_math.a(arm_common_tables.o)

.debug_abbrev   0x00000000     0x64a1
 .debug_abbrev  0x00000000      0x149 ./xip/evkmimxrt1010_flexspi_nor_config.o
 .debug_abbrev  0x00000149      0x13c ./xip/fsl_flexspi_nor_boot.o
 .debug_abbrev  0x00000285      0x291 ./utilities/fsl_debug_console.o
 .debug_abbrev  0x00000516      0x23f ./usb/phy/usb_phy.o
 .debug_abbrev  0x00000755      0x3e2 ./usb/host/class/usb_host_cdc.o
 .debug_abbrev  0x00000b37      0x3ed ./usb/host/usb_host_devices.o
 .debug_abbrev  0x00000f24      0x44b ./usb/host/usb_host_ehci.o
 .debug_abbrev  0x0000136f      0x2b3 ./usb/host/usb_host_framework.o
 .debug_abbrev  0x00001622      0x406 ./usb/host/usb_host_hci.o
 .debug_abbrev  0x00001a28      0x197 ./startup/startup_mimxrt1011.o
 .debug_abbrev  0x00001bbf       0x2e ./source/semihost_hardfault.o
 .debug_abbrev  0x00001bed      0x649 ./source/speakEZ.o
 .debug_abbrev  0x00002236      0x450 ./source/usbmidi.o
 .debug_abbrev  0x00002686      0x42d ./osa/usb_osa_bm.o
 .debug_abbrev  0x00002ab3      0x4ba ./drivers/fsl_clock.o
 .debug_abbrev  0x00002f6d      0x529 ./drivers/fsl_edma.o
 .debug_abbrev  0x00003496      0x2e7 ./drivers/fsl_gpio.o
 .debug_abbrev  0x0000377d      0x537 ./drivers/fsl_lpi2c.o
 .debug_abbrev  0x00003cb4      0x4e3 ./drivers/fsl_lpuart.o
 .debug_abbrev  0x00004197      0x2a3 ./drivers/fsl_pit.o
 .debug_abbrev  0x0000443a      0x4ab ./drivers/fsl_sai.o
 .debug_abbrev  0x000048e5      0x1ea ./device/system_MIMXRT1011.o
 .debug_abbrev  0x00004acf      0x24d ./component/uart/lpuart_adapter.o
 .debug_abbrev  0x00004d1c      0x2d9 ./component/serial_manager/serial_manager.o
 .debug_abbrev  0x00004ff5      0x1b2 ./component/serial_manager/serial_port_uart.o
 .debug_abbrev  0x000051a7      0x3c6 ./board/board.o
 .debug_abbrev  0x0000556d      0x2db ./board/clock_config.o
 .debug_abbrev  0x00005848      0x345 ./board/peripherals.o
 .debug_abbrev  0x00005b8d      0x2df ./board/pin_mux.o
 .debug_abbrev  0x00005e6c      0x22c F:\Dropbox\Hardware Development\MCUXpresso\11.0.1\workspace\speakEZ\libs\libarm_cortexM7lfsp_math.a(arm_sin_f32.o)
 .debug_abbrev  0x00006098      0x22c F:\Dropbox\Hardware Development\MCUXpresso\11.0.1\workspace\speakEZ\libs\libarm_cortexM7lfsp_math.a(arm_cos_f32.o)
 .debug_abbrev  0x000062c4      0x1dd F:\Dropbox\Hardware Development\MCUXpresso\11.0.1\workspace\speakEZ\libs\libarm_cortexM7lfsp_math.a(arm_common_tables.o)

.debug_aranges  0x00000000     0x11c8
 .debug_aranges
                0x00000000       0x18 ./xip/evkmimxrt1010_flexspi_nor_config.o
 .debug_aranges
                0x00000018       0x18 ./xip/fsl_flexspi_nor_boot.o
 .debug_aranges
                0x00000030       0x48 ./utilities/fsl_debug_console.o
 .debug_aranges
                0x00000078       0x40 ./usb/phy/usb_phy.o
 .debug_aranges
                0x000000b8       0xc8 ./usb/host/class/usb_host_cdc.o
 .debug_aranges
                0x00000180       0x78 ./usb/host/usb_host_devices.o
 .debug_aranges
                0x000001f8       0x88 ./usb/host/usb_host_ehci.o
 .debug_aranges
                0x00000280       0x60 ./usb/host/usb_host_framework.o
 .debug_aranges
                0x000002e0       0x80 ./usb/host/usb_host_hci.o
 .debug_aranges
                0x00000360      0x2e0 ./startup/startup_mimxrt1011.o
 .debug_aranges
                0x00000640       0x20 ./source/semihost_hardfault.o
 .debug_aranges
                0x00000660      0x118 ./source/speakEZ.o
 .debug_aranges
                0x00000778       0x50 ./source/usbmidi.o
 .debug_aranges
                0x000007c8       0xc0 ./osa/usb_osa_bm.o
 .debug_aranges
                0x00000888       0xf8 ./drivers/fsl_clock.o
 .debug_aranges
                0x00000980      0x198 ./drivers/fsl_edma.o
 .debug_aranges
                0x00000b18       0x30 ./drivers/fsl_gpio.o
 .debug_aranges
                0x00000b48      0x108 ./drivers/fsl_lpi2c.o
 .debug_aranges
                0x00000c50       0xf8 ./drivers/fsl_lpuart.o
 .debug_aranges
                0x00000d48       0x30 ./drivers/fsl_pit.o
 .debug_aranges
                0x00000d78      0x210 ./drivers/fsl_sai.o
 .debug_aranges
                0x00000f88       0x30 ./device/system_MIMXRT1011.o
 .debug_aranges
                0x00000fb8       0x38 ./component/uart/lpuart_adapter.o
 .debug_aranges
                0x00000ff0       0x60 ./component/serial_manager/serial_manager.o
 .debug_aranges
                0x00001050       0x38 ./component/serial_manager/serial_port_uart.o
 .debug_aranges
                0x00001088       0x38 ./board/board.o
 .debug_aranges
                0x000010c0       0x28 ./board/clock_config.o
 .debug_aranges
                0x000010e8       0x50 ./board/peripherals.o
 .debug_aranges
                0x00001138       0x38 ./board/pin_mux.o
 .debug_aranges
                0x00001170       0x20 F:\Dropbox\Hardware Development\MCUXpresso\11.0.1\workspace\speakEZ\libs\libarm_cortexM7lfsp_math.a(arm_sin_f32.o)
 .debug_aranges
                0x00001190       0x20 F:\Dropbox\Hardware Development\MCUXpresso\11.0.1\workspace\speakEZ\libs\libarm_cortexM7lfsp_math.a(arm_cos_f32.o)
 .debug_aranges
                0x000011b0       0x18 F:\Dropbox\Hardware Development\MCUXpresso\11.0.1\workspace\speakEZ\libs\libarm_cortexM7lfsp_math.a(arm_common_tables.o)

.debug_line     0x00000000    0x1ef8e
 .debug_line    0x00000000      0x1df ./xip/evkmimxrt1010_flexspi_nor_config.o
 .debug_line    0x000001df      0x1e2 ./xip/fsl_flexspi_nor_boot.o
 .debug_line    0x000003c1      0x4db ./utilities/fsl_debug_console.o
 .debug_line    0x0000089c      0x5f9 ./usb/phy/usb_phy.o
 .debug_line    0x00000e95     0x1157 ./usb/host/class/usb_host_cdc.o
 .debug_line    0x00001fec     0x150e ./usb/host/usb_host_devices.o
 .debug_line    0x000034fa     0x3640 ./usb/host/usb_host_ehci.o
 .debug_line    0x00006b3a      0xa21 ./usb/host/usb_host_framework.o
 .debug_line    0x0000755b      0xb73 ./usb/host/usb_host_hci.o
 .debug_line    0x000080ce      0xce5 ./startup/startup_mimxrt1011.o
 .debug_line    0x00008db3       0x5b ./source/semihost_hardfault.o
 .debug_line    0x00008e0e     0x2663 ./source/speakEZ.o
 .debug_line    0x0000b471      0x7f0 ./source/usbmidi.o
 .debug_line    0x0000bc61     0x1382 ./osa/usb_osa_bm.o
 .debug_line    0x0000cfe3     0x1f63 ./drivers/fsl_clock.o
 .debug_line    0x0000ef46     0x2b9c ./drivers/fsl_edma.o
 .debug_line    0x00011ae2      0x4d1 ./drivers/fsl_gpio.o
 .debug_line    0x00011fb3     0x37d4 ./drivers/fsl_lpi2c.o
 .debug_line    0x00015787     0x1ad0 ./drivers/fsl_lpuart.o
 .debug_line    0x00017257      0x30a ./drivers/fsl_pit.o
 .debug_line    0x00017561     0x3a6c ./drivers/fsl_sai.o
 .debug_line    0x0001afcd      0x4cc ./device/system_MIMXRT1011.o
 .debug_line    0x0001b499      0x361 ./component/uart/lpuart_adapter.o
 .debug_line    0x0001b7fa      0x742 ./component/serial_manager/serial_manager.o
 .debug_line    0x0001bf3c      0x2d1 ./component/serial_manager/serial_port_uart.o
 .debug_line    0x0001c20d      0x814 ./board/board.o
 .debug_line    0x0001ca21      0xd0f ./board/clock_config.o
 .debug_line    0x0001d730      0x786 ./board/peripherals.o
 .debug_line    0x0001deb6      0x8ea ./board/pin_mux.o
 .debug_line    0x0001e7a0      0x2d1 F:\Dropbox\Hardware Development\MCUXpresso\11.0.1\workspace\speakEZ\libs\libarm_cortexM7lfsp_math.a(arm_sin_f32.o)